
===========================================================================
report_checks -path_delay max (Setup)
============================================================================
======================= max_tt_025C_1v80 Corner ===================================

Startpoint: i6 (input port clocked by __VIRTUAL_CLK__)
Endpoint: o3 (output port clocked by __VIRTUAL_CLK__)
Path Group: __VIRTUAL_CLK__
Path Type: max

Fanout         Cap        Slew       Delay        Time   Description
---------------------------------------------------------------------------------------------
                      0.000000    0.000000    0.000000   clock __VIRTUAL_CLK__ (rise edge)
                                  0.000000    0.000000   clock network delay (ideal)
                                 20.000000   20.000000 ^ input external delay
     1    0.002493    0.018422    0.009283   20.009283 ^ i6 (in)
                                                         i6 (net)
                      0.018423    0.000000   20.009283 ^ input7/A (sky130_fd_sc_hd__dlymetal6s2s_1)
     6    0.020671    0.221195    0.202933   20.212217 ^ input7/X (sky130_fd_sc_hd__dlymetal6s2s_1)
                                                         net7 (net)
                      0.221210    0.001460   20.213676 ^ _29_/A_N (sky130_fd_sc_hd__and2b_1)
     2    0.006803    0.050763    0.228011   20.441689 v _29_/X (sky130_fd_sc_hd__and2b_1)
                                                         _01_ (net)
                      0.050764    0.000247   20.441935 v _48_/A (sky130_fd_sc_hd__or4bb_1)
     1    0.002743    0.078731    0.489896   20.931831 v _48_/X (sky130_fd_sc_hd__or4bb_1)
                                                         _17_ (net)
                      0.078731    0.000128   20.931959 v _49_/B1 (sky130_fd_sc_hd__o41a_1)
     1    0.003286    0.063040    0.120826   21.052786 v _49_/X (sky130_fd_sc_hd__o41a_1)
                                                         _18_ (net)
                      0.063040    0.000215   21.052999 v _55_/A2 (sky130_fd_sc_hd__o22ai_1)
     1    0.002748    0.124216    0.145034   21.198034 ^ _55_/Y (sky130_fd_sc_hd__o22ai_1)
                                                         net14 (net)
                      0.124216    0.000114   21.198149 ^ output14/A (sky130_fd_sc_hd__buf_2)
     1    0.034069    0.169836    0.225773   21.423922 ^ output14/X (sky130_fd_sc_hd__buf_2)
                                                         o3 (net)
                      0.169850    0.001618   21.425539 ^ o3 (out)
                                             21.425539   data arrival time

                      0.000000  100.000000  100.000000   clock __VIRTUAL_CLK__ (rise edge)
                                  0.000000  100.000000   clock network delay (ideal)
                                 -0.250000   99.750000   clock uncertainty
                                  0.000000   99.750000   clock reconvergence pessimism
                                -20.000000   79.750000   output external delay
                                             79.750000   data required time
---------------------------------------------------------------------------------------------
                                             79.750000   data required time
                                            -21.425539   data arrival time
---------------------------------------------------------------------------------------------
                                             58.324459   slack (MET)


Startpoint: i6 (input port clocked by __VIRTUAL_CLK__)
Endpoint: o5 (output port clocked by __VIRTUAL_CLK__)
Path Group: __VIRTUAL_CLK__
Path Type: max

Fanout         Cap        Slew       Delay        Time   Description
---------------------------------------------------------------------------------------------
                      0.000000    0.000000    0.000000   clock __VIRTUAL_CLK__ (rise edge)
                                  0.000000    0.000000   clock network delay (ideal)
                                 20.000000   20.000000 ^ input external delay
     1    0.002493    0.018422    0.009283   20.009283 ^ i6 (in)
                                                         i6 (net)
                      0.018423    0.000000   20.009283 ^ input7/A (sky130_fd_sc_hd__dlymetal6s2s_1)
     6    0.020671    0.221195    0.202933   20.212217 ^ input7/X (sky130_fd_sc_hd__dlymetal6s2s_1)
                                                         net7 (net)
                      0.221203    0.001068   20.213284 ^ _33_/A1 (sky130_fd_sc_hd__o21ai_1)
     2    0.006484    0.082192    0.129440   20.342724 v _33_/Y (sky130_fd_sc_hd__o21ai_1)
                                                         _04_ (net)
                      0.082192    0.000318   20.343042 v _45_/B1 (sky130_fd_sc_hd__a2bb2o_1)
     2    0.006611    0.068764    0.308644   20.651686 v _45_/X (sky130_fd_sc_hd__a2bb2o_1)
                                                         _15_ (net)
                      0.068765    0.000462   20.652147 v _60_/A2 (sky130_fd_sc_hd__o32a_1)
     1    0.002214    0.048436    0.323528   20.975676 v _60_/X (sky130_fd_sc_hd__o32a_1)
                                                         net16 (net)
                      0.048436    0.000158   20.975834 v output16/A (sky130_fd_sc_hd__buf_2)
     1    0.034571    0.090549    0.181355   21.157188 v output16/X (sky130_fd_sc_hd__buf_2)
                                                         o5 (net)
                      0.090585    0.001663   21.158852 v o5 (out)
                                             21.158852   data arrival time

                      0.000000  100.000000  100.000000   clock __VIRTUAL_CLK__ (rise edge)
                                  0.000000  100.000000   clock network delay (ideal)
                                 -0.250000   99.750000   clock uncertainty
                                  0.000000   99.750000   clock reconvergence pessimism
                                -20.000000   79.750000   output external delay
                                             79.750000   data required time
---------------------------------------------------------------------------------------------
                                             79.750000   data required time
                                            -21.158852   data arrival time
---------------------------------------------------------------------------------------------
                                             58.591145   slack (MET)


Startpoint: i6 (input port clocked by __VIRTUAL_CLK__)
Endpoint: o4 (output port clocked by __VIRTUAL_CLK__)
Path Group: __VIRTUAL_CLK__
Path Type: max

Fanout         Cap        Slew       Delay        Time   Description
---------------------------------------------------------------------------------------------
                      0.000000    0.000000    0.000000   clock __VIRTUAL_CLK__ (rise edge)
                                  0.000000    0.000000   clock network delay (ideal)
                                 20.000000   20.000000 v input external delay
     1    0.002335    0.007548    0.003684   20.003685 v i6 (in)
                                                         i6 (net)
                      0.007549    0.000000   20.003685 v input7/A (sky130_fd_sc_hd__dlymetal6s2s_1)
     6    0.019364    0.107032    0.182510   20.186195 v input7/X (sky130_fd_sc_hd__dlymetal6s2s_1)
                                                         net7 (net)
                      0.107033    0.000570   20.186766 v _41_/A1 (sky130_fd_sc_hd__a21o_1)
     3    0.009319    0.059936    0.205535   20.392300 v _41_/X (sky130_fd_sc_hd__a21o_1)
                                                         _11_ (net)
                      0.059939    0.000519   20.392818 v _56_/A1 (sky130_fd_sc_hd__o21a_1)
     2    0.006923    0.054213    0.205421   20.598240 v _56_/X (sky130_fd_sc_hd__o21a_1)
                                                         _24_ (net)
                      0.054217    0.000471   20.598711 v _57_/A2 (sky130_fd_sc_hd__o21a_1)
     1    0.001457    0.028693    0.156575   20.755285 v _57_/X (sky130_fd_sc_hd__o21a_1)
                                                         _25_ (net)
                      0.028693    0.000066   20.755352 v _58_/B (sky130_fd_sc_hd__or2_1)
     1    0.002072    0.044013    0.190624   20.945976 v _58_/X (sky130_fd_sc_hd__or2_1)
                                                         net15 (net)
                      0.044013    0.000140   20.946117 v output15/A (sky130_fd_sc_hd__buf_2)
     1    0.034429    0.090317    0.179101   21.125217 v output15/X (sky130_fd_sc_hd__buf_2)
                                                         o4 (net)
                      0.090358    0.001760   21.126978 v o4 (out)
                                             21.126978   data arrival time

                      0.000000  100.000000  100.000000   clock __VIRTUAL_CLK__ (rise edge)
                                  0.000000  100.000000   clock network delay (ideal)
                                 -0.250000   99.750000   clock uncertainty
                                  0.000000   99.750000   clock reconvergence pessimism
                                -20.000000   79.750000   output external delay
                                             79.750000   data required time
---------------------------------------------------------------------------------------------
                                             79.750000   data required time
                                            -21.126978   data arrival time
---------------------------------------------------------------------------------------------
                                             58.623016   slack (MET)


Startpoint: i6 (input port clocked by __VIRTUAL_CLK__)
Endpoint: o2 (output port clocked by __VIRTUAL_CLK__)
Path Group: __VIRTUAL_CLK__
Path Type: max

Fanout         Cap        Slew       Delay        Time   Description
---------------------------------------------------------------------------------------------
                      0.000000    0.000000    0.000000   clock __VIRTUAL_CLK__ (rise edge)
                                  0.000000    0.000000   clock network delay (ideal)
                                 20.000000   20.000000 ^ input external delay
     1    0.002493    0.018422    0.009283   20.009283 ^ i6 (in)
                                                         i6 (net)
                      0.018423    0.000000   20.009283 ^ input7/A (sky130_fd_sc_hd__dlymetal6s2s_1)
     6    0.020671    0.221195    0.202933   20.212217 ^ input7/X (sky130_fd_sc_hd__dlymetal6s2s_1)
                                                         net7 (net)
                      0.221203    0.001068   20.213284 ^ _33_/A1 (sky130_fd_sc_hd__o21ai_1)
     2    0.006484    0.082192    0.129440   20.342724 v _33_/Y (sky130_fd_sc_hd__o21ai_1)
                                                         _04_ (net)
                      0.082192    0.000318   20.343042 v _45_/B1 (sky130_fd_sc_hd__a2bb2o_1)
     2    0.006611    0.068764    0.308644   20.651686 v _45_/X (sky130_fd_sc_hd__a2bb2o_1)
                                                         _15_ (net)
                      0.068765    0.000417   20.652103 v _46_/A3 (sky130_fd_sc_hd__o31a_1)
     1    0.001892    0.042256    0.231489   20.883593 v _46_/X (sky130_fd_sc_hd__o31a_1)
                                                         net13 (net)
                      0.042256    0.000133   20.883726 v output13/A (sky130_fd_sc_hd__buf_2)
     1    0.034233    0.089878    0.178041   21.061766 v output13/X (sky130_fd_sc_hd__buf_2)
                                                         o2 (net)
                      0.089916    0.001686   21.063452 v o2 (out)
                                             21.063452   data arrival time

                      0.000000  100.000000  100.000000   clock __VIRTUAL_CLK__ (rise edge)
                                  0.000000  100.000000   clock network delay (ideal)
                                 -0.250000   99.750000   clock uncertainty
                                  0.000000   99.750000   clock reconvergence pessimism
                                -20.000000   79.750000   output external delay
                                             79.750000   data required time
---------------------------------------------------------------------------------------------
                                             79.750000   data required time
                                            -21.063452   data arrival time
---------------------------------------------------------------------------------------------
                                             58.686546   slack (MET)


Startpoint: i8 (input port clocked by __VIRTUAL_CLK__)
Endpoint: o6 (output port clocked by __VIRTUAL_CLK__)
Path Group: __VIRTUAL_CLK__
Path Type: max

Fanout         Cap        Slew       Delay        Time   Description
---------------------------------------------------------------------------------------------
                      0.000000    0.000000    0.000000   clock __VIRTUAL_CLK__ (rise edge)
                                  0.000000    0.000000   clock network delay (ideal)
                                 20.000000   20.000000 v input external delay
     1    0.002922    0.008897    0.004679   20.004679 v i8 (in)
                                                         i8 (net)
                      0.008904    0.000000   20.004679 v input9/A (sky130_fd_sc_hd__clkbuf_2)
     9    0.025043    0.099632    0.146722   20.151402 v input9/X (sky130_fd_sc_hd__clkbuf_2)
                                                         net9 (net)
                      0.099654    0.001434   20.152834 v _40_/B (sky130_fd_sc_hd__or2_1)
     2    0.005725    0.061433    0.240480   20.393314 v _40_/X (sky130_fd_sc_hd__or2_1)
                                                         _10_ (net)
                      0.061434    0.000387   20.393702 v _61_/B1 (sky130_fd_sc_hd__o221a_1)
     1    0.003060    0.046837    0.226164   20.619865 v _61_/X (sky130_fd_sc_hd__o221a_1)
                                                         _27_ (net)
                      0.046837    0.000204   20.620070 v _62_/A2 (sky130_fd_sc_hd__o21ai_1)
     1    0.002525    0.093805    0.107464   20.727533 ^ _62_/Y (sky130_fd_sc_hd__o21ai_1)
                                                         net17 (net)
                      0.093805    0.000165   20.727699 ^ output17/A (sky130_fd_sc_hd__buf_2)
     1    0.033956    0.169139    0.214376   20.942076 ^ output17/X (sky130_fd_sc_hd__buf_2)
                                                         o6 (net)
                      0.169211    0.001592   20.943666 ^ o6 (out)
                                             20.943666   data arrival time

                      0.000000  100.000000  100.000000   clock __VIRTUAL_CLK__ (rise edge)
                                  0.000000  100.000000   clock network delay (ideal)
                                 -0.250000   99.750000   clock uncertainty
                                  0.000000   99.750000   clock reconvergence pessimism
                                -20.000000   79.750000   output external delay
                                             79.750000   data required time
---------------------------------------------------------------------------------------------
                                             79.750000   data required time
                                            -20.943666   data arrival time
---------------------------------------------------------------------------------------------
                                             58.806332   slack (MET)


Startpoint: i6 (input port clocked by __VIRTUAL_CLK__)
Endpoint: o0 (output port clocked by __VIRTUAL_CLK__)
Path Group: __VIRTUAL_CLK__
Path Type: max

Fanout         Cap        Slew       Delay        Time   Description
---------------------------------------------------------------------------------------------
                      0.000000    0.000000    0.000000   clock __VIRTUAL_CLK__ (rise edge)
                                  0.000000    0.000000   clock network delay (ideal)
                                 20.000000   20.000000 ^ input external delay
     1    0.002493    0.018422    0.009283   20.009283 ^ i6 (in)
                                                         i6 (net)
                      0.018423    0.000000   20.009283 ^ input7/A (sky130_fd_sc_hd__dlymetal6s2s_1)
     6    0.020671    0.221195    0.202933   20.212217 ^ input7/X (sky130_fd_sc_hd__dlymetal6s2s_1)
                                                         net7 (net)
                      0.221210    0.001460   20.213676 ^ _29_/A_N (sky130_fd_sc_hd__and2b_1)
     2    0.006803    0.050763    0.228011   20.441689 v _29_/X (sky130_fd_sc_hd__and2b_1)
                                                         _01_ (net)
                      0.050764    0.000279   20.441967 v _31_/A (sky130_fd_sc_hd__xnor2_1)
     1    0.002483    0.109725    0.141569   20.583536 ^ _31_/Y (sky130_fd_sc_hd__xnor2_1)
                                                         net11 (net)
                      0.109725    0.000163   20.583698 ^ output11/A (sky130_fd_sc_hd__buf_2)
     1    0.034086    0.169838    0.220656   20.804354 ^ output11/X (sky130_fd_sc_hd__buf_2)
                                                         o0 (net)
                      0.169851    0.001620   20.805975 ^ o0 (out)
                                             20.805975   data arrival time

                      0.000000  100.000000  100.000000   clock __VIRTUAL_CLK__ (rise edge)
                                  0.000000  100.000000   clock network delay (ideal)
                                 -0.250000   99.750000   clock uncertainty
                                  0.000000   99.750000   clock reconvergence pessimism
                                -20.000000   79.750000   output external delay
                                             79.750000   data required time
---------------------------------------------------------------------------------------------
                                             79.750000   data required time
                                            -20.805975   data arrival time
---------------------------------------------------------------------------------------------
                                             58.944023   slack (MET)


Startpoint: i6 (input port clocked by __VIRTUAL_CLK__)
Endpoint: o1 (output port clocked by __VIRTUAL_CLK__)
Path Group: __VIRTUAL_CLK__
Path Type: max

Fanout         Cap        Slew       Delay        Time   Description
---------------------------------------------------------------------------------------------
                      0.000000    0.000000    0.000000   clock __VIRTUAL_CLK__ (rise edge)
                                  0.000000    0.000000   clock network delay (ideal)
                                 20.000000   20.000000 ^ input external delay
     1    0.002493    0.018422    0.009283   20.009283 ^ i6 (in)
                                                         i6 (net)
                      0.018423    0.000000   20.009283 ^ input7/A (sky130_fd_sc_hd__dlymetal6s2s_1)
     6    0.020671    0.221195    0.202933   20.212217 ^ input7/X (sky130_fd_sc_hd__dlymetal6s2s_1)
                                                         net7 (net)
                      0.221203    0.001068   20.213284 ^ _33_/A1 (sky130_fd_sc_hd__o21ai_1)
     2    0.006484    0.082192    0.129440   20.342724 v _33_/Y (sky130_fd_sc_hd__o21ai_1)
                                                         _04_ (net)
                      0.082192    0.000295   20.343018 v _37_/A2 (sky130_fd_sc_hd__o31a_1)
     1    0.002078    0.043156    0.276613   20.619631 v _37_/X (sky130_fd_sc_hd__o31a_1)
                                                         net12 (net)
                      0.043156    0.000147   20.619778 v output12/A (sky130_fd_sc_hd__buf_2)
     1    0.034405    0.090215    0.178803   20.798582 v output12/X (sky130_fd_sc_hd__buf_2)
                                                         o1 (net)
                      0.090249    0.001620   20.800201 v o1 (out)
                                             20.800201   data arrival time

                      0.000000  100.000000  100.000000   clock __VIRTUAL_CLK__ (rise edge)
                                  0.000000  100.000000   clock network delay (ideal)
                                 -0.250000   99.750000   clock uncertainty
                                  0.000000   99.750000   clock reconvergence pessimism
                                -20.000000   79.750000   output external delay
                                             79.750000   data required time
---------------------------------------------------------------------------------------------
                                             79.750000   data required time
                                            -20.800201   data arrival time
---------------------------------------------------------------------------------------------
                                             58.949795   slack (MET)


Startpoint: i3 (input port clocked by __VIRTUAL_CLK__)
Endpoint: o7 (output port clocked by __VIRTUAL_CLK__)
Path Group: __VIRTUAL_CLK__
Path Type: max

Fanout         Cap        Slew       Delay        Time   Description
---------------------------------------------------------------------------------------------
                      0.000000    0.000000    0.000000   clock __VIRTUAL_CLK__ (rise edge)
                                  0.000000    0.000000   clock network delay (ideal)
                                 20.000000   20.000000 ^ input external delay
     1    0.003904    0.024532    0.014245   20.014246 ^ i3 (in)
                                                         i3 (net)
                      0.024533    0.000000   20.014246 ^ input4/A (sky130_fd_sc_hd__clkbuf_2)
     9    0.024109    0.135977    0.162093   20.176338 ^ input4/X (sky130_fd_sc_hd__clkbuf_2)
                                                         net4 (net)
                      0.136011    0.001780   20.178118 ^ _63_/B (sky130_fd_sc_hd__and4_1)
     1    0.002141    0.049235    0.187972   20.366091 ^ _63_/X (sky130_fd_sc_hd__and4_1)
                                                         net18 (net)
                      0.049235    0.000149   20.366240 ^ output18/A (sky130_fd_sc_hd__buf_2)
     1    0.034016    0.169104    0.198074   20.564314 ^ output18/X (sky130_fd_sc_hd__buf_2)
                                                         o7 (net)
                      0.169176    0.001618   20.565931 ^ o7 (out)
                                             20.565931   data arrival time

                      0.000000  100.000000  100.000000   clock __VIRTUAL_CLK__ (rise edge)
                                  0.000000  100.000000   clock network delay (ideal)
                                 -0.250000   99.750000   clock uncertainty
                                  0.000000   99.750000   clock reconvergence pessimism
                                -20.000000   79.750000   output external delay
                                             79.750000   data required time
---------------------------------------------------------------------------------------------
                                             79.750000   data required time
                                            -20.565931   data arrival time
---------------------------------------------------------------------------------------------
                                             59.184067   slack (MET)



