
===========================================================================
report_checks -path_delay max (Setup)
============================================================================
======================= nom_ff_n40C_1v95 Corner ===================================

Startpoint: i6 (input port clocked by __VIRTUAL_CLK__)
Endpoint: o3 (output port clocked by __VIRTUAL_CLK__)
Path Group: __VIRTUAL_CLK__
Path Type: max

Fanout         Cap        Slew       Delay        Time   Description
---------------------------------------------------------------------------------------------
                      0.000000    0.000000    0.000000   clock __VIRTUAL_CLK__ (rise edge)
                                  0.000000    0.000000   clock network delay (ideal)
                                 20.000000   20.000000 ^ input external delay
     6    0.019102    0.070100    0.046638   20.046638 ^ i6 (in)
                                                         i6 (net)
                      0.070100    0.000000   20.046638 ^ _29_/A_N (sky130_fd_sc_hd__and2b_2)
     2    0.009749    0.039215    0.148198   20.194836 v _29_/X (sky130_fd_sc_hd__and2b_2)
                                                         _01_ (net)
                      0.039215    0.000000   20.194836 v _48_/A (sky130_fd_sc_hd__or4bb_2)
     1    0.002287    0.059840    0.351195   20.546032 v _48_/X (sky130_fd_sc_hd__or4bb_2)
                                                         _17_ (net)
                      0.059840    0.000000   20.546032 v _49_/B1 (sky130_fd_sc_hd__o41a_2)
     1    0.004022    0.047888    0.083189   20.629219 v _49_/X (sky130_fd_sc_hd__o41a_2)
                                                         _18_ (net)
                      0.047888    0.000000   20.629219 v _55_/A2 (sky130_fd_sc_hd__o22ai_2)
     1    0.033442    0.302297    0.248853   20.878073 ^ _55_/Y (sky130_fd_sc_hd__o22ai_2)
                                                         o3 (net)
                      0.302297    0.000000   20.878073 ^ o3 (out)
                                             20.878073   data arrival time

                      0.000000  100.000000  100.000000   clock __VIRTUAL_CLK__ (rise edge)
                                  0.000000  100.000000   clock network delay (ideal)
                                 -0.250000   99.750000   clock uncertainty
                                  0.000000   99.750000   clock reconvergence pessimism
                                -20.000000   79.750000   output external delay
                                             79.750000   data required time
---------------------------------------------------------------------------------------------
                                             79.750000   data required time
                                            -20.878073   data arrival time
---------------------------------------------------------------------------------------------
                                             58.871925   slack (MET)


Startpoint: i3 (input port clocked by __VIRTUAL_CLK__)
Endpoint: o4 (output port clocked by __VIRTUAL_CLK__)
Path Group: __VIRTUAL_CLK__
Path Type: max

Fanout         Cap        Slew       Delay        Time   Description
---------------------------------------------------------------------------------------------
                      0.000000    0.000000    0.000000   clock __VIRTUAL_CLK__ (rise edge)
                                  0.000000    0.000000   clock network delay (ideal)
                                 20.000000   20.000000 v input external delay
     9    0.016775    0.027232    0.017414   20.017414 v i3 (in)
                                                         i3 (net)
                      0.027232    0.000000   20.017414 v _41_/A2 (sky130_fd_sc_hd__a21o_2)
     3    0.011035    0.040546    0.147349   20.164762 v _41_/X (sky130_fd_sc_hd__a21o_2)
                                                         _11_ (net)
                      0.040546    0.000000   20.164762 v _56_/A1 (sky130_fd_sc_hd__o21a_2)
     2    0.004503    0.028897    0.134179   20.298943 v _56_/X (sky130_fd_sc_hd__o21a_2)
                                                         _24_ (net)
                      0.028897    0.000000   20.298943 v _57_/A2 (sky130_fd_sc_hd__o21a_2)
     1    0.001395    0.021635    0.108674   20.407616 v _57_/X (sky130_fd_sc_hd__o21a_2)
                                                         _25_ (net)
                      0.021635    0.000000   20.407616 v _58_/B (sky130_fd_sc_hd__or2_2)
     1    0.033442    0.090920    0.220128   20.627743 v _58_/X (sky130_fd_sc_hd__or2_2)
                                                         o4 (net)
                      0.090920    0.000000   20.627743 v o4 (out)
                                             20.627743   data arrival time

                      0.000000  100.000000  100.000000   clock __VIRTUAL_CLK__ (rise edge)
                                  0.000000  100.000000   clock network delay (ideal)
                                 -0.250000   99.750000   clock uncertainty
                                  0.000000   99.750000   clock reconvergence pessimism
                                -20.000000   79.750000   output external delay
                                             79.750000   data required time
---------------------------------------------------------------------------------------------
                                             79.750000   data required time
                                            -20.627743   data arrival time
---------------------------------------------------------------------------------------------
                                             59.122253   slack (MET)


Startpoint: i3 (input port clocked by __VIRTUAL_CLK__)
Endpoint: o5 (output port clocked by __VIRTUAL_CLK__)
Path Group: __VIRTUAL_CLK__
Path Type: max

Fanout         Cap        Slew       Delay        Time   Description
---------------------------------------------------------------------------------------------
                      0.000000    0.000000    0.000000   clock __VIRTUAL_CLK__ (rise edge)
                                  0.000000    0.000000   clock network delay (ideal)
                                 20.000000   20.000000 v input external delay
     9    0.016775    0.027232    0.017414   20.017414 v i3 (in)
                                                         i3 (net)
                      0.027232    0.000000   20.017414 v _41_/A2 (sky130_fd_sc_hd__a21o_2)
     3    0.011035    0.040546    0.147349   20.164762 v _41_/X (sky130_fd_sc_hd__a21o_2)
                                                         _11_ (net)
                      0.040546    0.000000   20.164762 v _56_/A1 (sky130_fd_sc_hd__o21a_2)
     2    0.004503    0.028897    0.134179   20.298943 v _56_/X (sky130_fd_sc_hd__o21a_2)
                                                         _24_ (net)
                      0.028897    0.000000   20.298943 v _59_/A2 (sky130_fd_sc_hd__o21ba_2)
     1    0.002227    0.024499    0.112150   20.411093 v _59_/X (sky130_fd_sc_hd__o21ba_2)
                                                         _26_ (net)
                      0.024499    0.000000   20.411093 v _60_/B1 (sky130_fd_sc_hd__o32a_2)
     1    0.033442    0.088505    0.161903   20.572994 v _60_/X (sky130_fd_sc_hd__o32a_2)
                                                         o5 (net)
                      0.088505    0.000000   20.572994 v o5 (out)
                                             20.572994   data arrival time

                      0.000000  100.000000  100.000000   clock __VIRTUAL_CLK__ (rise edge)
                                  0.000000  100.000000   clock network delay (ideal)
                                 -0.250000   99.750000   clock uncertainty
                                  0.000000   99.750000   clock reconvergence pessimism
                                -20.000000   79.750000   output external delay
                                             79.750000   data required time
---------------------------------------------------------------------------------------------
                                             79.750000   data required time
                                            -20.572994   data arrival time
---------------------------------------------------------------------------------------------
                                             59.177002   slack (MET)


Startpoint: i8 (input port clocked by __VIRTUAL_CLK__)
Endpoint: o6 (output port clocked by __VIRTUAL_CLK__)
Path Group: __VIRTUAL_CLK__
Path Type: max

Fanout         Cap        Slew       Delay        Time   Description
---------------------------------------------------------------------------------------------
                      0.000000    0.000000    0.000000   clock __VIRTUAL_CLK__ (rise edge)
                                  0.000000    0.000000   clock network delay (ideal)
                                 20.000000   20.000000 v input external delay
     9    0.021767    0.034707    0.022940   20.022940 v i8 (in)
                                                         i8 (net)
                      0.034707    0.000000   20.022940 v _40_/B (sky130_fd_sc_hd__or2_2)
     2    0.004531    0.041244    0.162405   20.185345 v _40_/X (sky130_fd_sc_hd__or2_2)
                                                         _10_ (net)
                      0.041244    0.000000   20.185345 v _61_/B1 (sky130_fd_sc_hd__o221a_2)
     1    0.004128    0.035338    0.152273   20.337618 v _61_/X (sky130_fd_sc_hd__o221a_2)
                                                         _27_ (net)
                      0.035338    0.000000   20.337618 v _62_/A2 (sky130_fd_sc_hd__o21ai_2)
     1    0.033442    0.287831    0.229853   20.567472 ^ _62_/Y (sky130_fd_sc_hd__o21ai_2)
                                                         o6 (net)
                      0.287831    0.000000   20.567472 ^ o6 (out)
                                             20.567472   data arrival time

                      0.000000  100.000000  100.000000   clock __VIRTUAL_CLK__ (rise edge)
                                  0.000000  100.000000   clock network delay (ideal)
                                 -0.250000   99.750000   clock uncertainty
                                  0.000000   99.750000   clock reconvergence pessimism
                                -20.000000   79.750000   output external delay
                                             79.750000   data required time
---------------------------------------------------------------------------------------------
                                             79.750000   data required time
                                            -20.567472   data arrival time
---------------------------------------------------------------------------------------------
                                             59.182526   slack (MET)


Startpoint: i6 (input port clocked by __VIRTUAL_CLK__)
Endpoint: o0 (output port clocked by __VIRTUAL_CLK__)
Path Group: __VIRTUAL_CLK__
Path Type: max

Fanout         Cap        Slew       Delay        Time   Description
---------------------------------------------------------------------------------------------
                      0.000000    0.000000    0.000000   clock __VIRTUAL_CLK__ (rise edge)
                                  0.000000    0.000000   clock network delay (ideal)
                                 20.000000   20.000000 ^ input external delay
     6    0.019102    0.070100    0.046638   20.046638 ^ i6 (in)
                                                         i6 (net)
                      0.070100    0.000000   20.046638 ^ _29_/A_N (sky130_fd_sc_hd__and2b_2)
     2    0.009749    0.039215    0.148198   20.194836 v _29_/X (sky130_fd_sc_hd__and2b_2)
                                                         _01_ (net)
                      0.039215    0.000000   20.194836 v _31_/A (sky130_fd_sc_hd__xnor2_2)
     1    0.033442    0.339589    0.283059   20.477896 ^ _31_/Y (sky130_fd_sc_hd__xnor2_2)
                                                         o0 (net)
                      0.339589    0.000000   20.477896 ^ o0 (out)
                                             20.477896   data arrival time

                      0.000000  100.000000  100.000000   clock __VIRTUAL_CLK__ (rise edge)
                                  0.000000  100.000000   clock network delay (ideal)
                                 -0.250000   99.750000   clock uncertainty
                                  0.000000   99.750000   clock reconvergence pessimism
                                -20.000000   79.750000   output external delay
                                             79.750000   data required time
---------------------------------------------------------------------------------------------
                                             79.750000   data required time
                                            -20.477896   data arrival time
---------------------------------------------------------------------------------------------
                                             59.272102   slack (MET)


Startpoint: i0 (input port clocked by __VIRTUAL_CLK__)
Endpoint: o2 (output port clocked by __VIRTUAL_CLK__)
Path Group: __VIRTUAL_CLK__
Path Type: max

Fanout         Cap        Slew       Delay        Time   Description
---------------------------------------------------------------------------------------------
                      0.000000    0.000000    0.000000   clock __VIRTUAL_CLK__ (rise edge)
                                  0.000000    0.000000   clock network delay (ideal)
                                 20.000000   20.000000 ^ input external delay
     7    0.022828    0.082514    0.055293   20.055294 ^ i0 (in)
                                                         i0 (net)
                      0.082514    0.000000   20.055294 ^ _33_/A2 (sky130_fd_sc_hd__o21ai_2)
     2    0.003906    0.026909    0.032070   20.087364 v _33_/Y (sky130_fd_sc_hd__o21ai_2)
                                                         _04_ (net)
                      0.026909    0.000000   20.087364 v _45_/B1 (sky130_fd_sc_hd__a2bb2o_2)
     2    0.004296    0.034598    0.156819   20.244183 v _45_/X (sky130_fd_sc_hd__a2bb2o_2)
                                                         _15_ (net)
                      0.034598    0.000000   20.244183 v _46_/A3 (sky130_fd_sc_hd__o31a_2)
     1    0.033442    0.086884    0.231886   20.476068 v _46_/X (sky130_fd_sc_hd__o31a_2)
                                                         o2 (net)
                      0.086884    0.000000   20.476068 v o2 (out)
                                             20.476068   data arrival time

                      0.000000  100.000000  100.000000   clock __VIRTUAL_CLK__ (rise edge)
                                  0.000000  100.000000   clock network delay (ideal)
                                 -0.250000   99.750000   clock uncertainty
                                  0.000000   99.750000   clock reconvergence pessimism
                                -20.000000   79.750000   output external delay
                                             79.750000   data required time
---------------------------------------------------------------------------------------------
                                             79.750000   data required time
                                            -20.476068   data arrival time
---------------------------------------------------------------------------------------------
                                             59.273930   slack (MET)


Startpoint: i7 (input port clocked by __VIRTUAL_CLK__)
Endpoint: o1 (output port clocked by __VIRTUAL_CLK__)
Path Group: __VIRTUAL_CLK__
Path Type: max

Fanout         Cap        Slew       Delay        Time   Description
---------------------------------------------------------------------------------------------
                      0.000000    0.000000    0.000000   clock __VIRTUAL_CLK__ (rise edge)
                                  0.000000    0.000000   clock network delay (ideal)
                                 20.000000   20.000000 ^ input external delay
     5    0.012270    0.047173    0.030527   20.030527 ^ i7 (in)
                                                         i7 (net)
                      0.047173    0.000000   20.030527 ^ _34_/A_N (sky130_fd_sc_hd__and2b_2)
     3    0.007930    0.036264    0.140714   20.171242 v _34_/X (sky130_fd_sc_hd__and2b_2)
                                                         _05_ (net)
                      0.036264    0.000000   20.171242 v _37_/A3 (sky130_fd_sc_hd__o31a_2)
     1    0.033442    0.086869    0.232406   20.403646 v _37_/X (sky130_fd_sc_hd__o31a_2)
                                                         o1 (net)
                      0.086869    0.000000   20.403646 v o1 (out)
                                             20.403646   data arrival time

                      0.000000  100.000000  100.000000   clock __VIRTUAL_CLK__ (rise edge)
                                  0.000000  100.000000   clock network delay (ideal)
                                 -0.250000   99.750000   clock uncertainty
                                  0.000000   99.750000   clock reconvergence pessimism
                                -20.000000   79.750000   output external delay
                                             79.750000   data required time
---------------------------------------------------------------------------------------------
                                             79.750000   data required time
                                            -20.403646   data arrival time
---------------------------------------------------------------------------------------------
                                             59.346352   slack (MET)


Startpoint: i4 (input port clocked by __VIRTUAL_CLK__)
Endpoint: o7 (output port clocked by __VIRTUAL_CLK__)
Path Group: __VIRTUAL_CLK__
Path Type: max

Fanout         Cap        Slew       Delay        Time   Description
---------------------------------------------------------------------------------------------
                      0.000000    0.000000    0.000000   clock __VIRTUAL_CLK__ (rise edge)
                                  0.000000    0.000000   clock network delay (ideal)
                                 20.000000   20.000000 ^ input external delay
     7    0.023247    0.083911    0.056266   20.056267 ^ i4 (in)
                                                         i4 (net)
                      0.083911    0.000000   20.056267 ^ _63_/C (sky130_fd_sc_hd__and4_2)
     1    0.033442    0.140333    0.218408   20.274675 ^ _63_/X (sky130_fd_sc_hd__and4_2)
                                                         o7 (net)
                      0.140333    0.000000   20.274675 ^ o7 (out)
                                             20.274675   data arrival time

                      0.000000  100.000000  100.000000   clock __VIRTUAL_CLK__ (rise edge)
                                  0.000000  100.000000   clock network delay (ideal)
                                 -0.250000   99.750000   clock uncertainty
                                  0.000000   99.750000   clock reconvergence pessimism
                                -20.000000   79.750000   output external delay
                                             79.750000   data required time
---------------------------------------------------------------------------------------------
                                             79.750000   data required time
                                            -20.274675   data arrival time
---------------------------------------------------------------------------------------------
                                             59.475319   slack (MET)



