
===========================================================================
report_checks -unconstrained
===========================================================================
======================= min_ss_100C_1v60 Corner ===================================

Startpoint: i6 (input port clocked by __VIRTUAL_CLK__)
Endpoint: o3 (output port clocked by __VIRTUAL_CLK__)
Path Group: __VIRTUAL_CLK__
Path Type: max

Fanout         Cap        Slew       Delay        Time   Description
---------------------------------------------------------------------------------------------
                      0.000000    0.000000    0.000000   clock __VIRTUAL_CLK__ (rise edge)
                                  0.000000    0.000000   clock network delay (ideal)
                                 20.000000   20.000000 ^ input external delay
     1    0.002293    0.028906    0.013095   20.013096 ^ i6 (in)
                                                         i6 (net)
                      0.028906    0.000000   20.013096 ^ input7/A (sky130_fd_sc_hd__dlymetal6s2s_1)
     6    0.019220    0.316746    0.320719   20.333815 ^ input7/X (sky130_fd_sc_hd__dlymetal6s2s_1)
                                                         net7 (net)
                      0.316746    0.000325   20.334141 ^ _29_/A_N (sky130_fd_sc_hd__and2b_1)
     2    0.006534    0.099195    0.482165   20.816305 v _29_/X (sky130_fd_sc_hd__and2b_1)
                                                         _01_ (net)
                      0.099195    0.000023   20.816328 v _48_/A (sky130_fd_sc_hd__or4bb_1)
     1    0.002700    0.173219    1.147944   21.964273 v _48_/X (sky130_fd_sc_hd__or4bb_1)
                                                         _17_ (net)
                      0.173219    0.000014   21.964287 v _49_/B1 (sky130_fd_sc_hd__o41a_1)
     1    0.003090    0.114398    0.249271   22.213558 v _49_/X (sky130_fd_sc_hd__o41a_1)
                                                         _18_ (net)
                      0.114398    0.000036   22.213593 v _55_/A2 (sky130_fd_sc_hd__o22ai_1)
     1    0.002558    0.204898    0.250878   22.464472 ^ _55_/Y (sky130_fd_sc_hd__o22ai_1)
                                                         net14 (net)
                      0.204898    0.000018   22.464489 ^ output14/A (sky130_fd_sc_hd__buf_2)
     1    0.033986    0.270198    0.405523   22.870012 ^ output14/X (sky130_fd_sc_hd__buf_2)
                                                         o3 (net)
                      0.270198    0.000183   22.870195 ^ o3 (out)
                                             22.870195   data arrival time

                      0.000000  100.000000  100.000000   clock __VIRTUAL_CLK__ (rise edge)
                                  0.000000  100.000000   clock network delay (ideal)
                                 -0.250000   99.750000   clock uncertainty
                                  0.000000   99.750000   clock reconvergence pessimism
                                -20.000000   79.750000   output external delay
                                             79.750000   data required time
---------------------------------------------------------------------------------------------
                                             79.750000   data required time
                                            -22.870195   data arrival time
---------------------------------------------------------------------------------------------
                                             56.879799   slack (MET)




===========================================================================
report_checks --slack_max -0.01
============================================================================
======================= min_ss_100C_1v60 Corner ===================================

No paths found.


===========================================================================
 report_check_types -max_slew -max_cap -max_fanout -violators
============================================================================
======================= min_ss_100C_1v60 Corner ===================================



===========================================================================
report_parasitic_annotation -report_unannotated
============================================================================
Found 0 unannotated drivers.
Found 0 partially unannotated drivers.

===========================================================================
max slew violation count 0
max fanout violation count 0
max cap violation count 0
============================================================================

===========================================================================
check_setup -verbose -unconstrained_endpoints -multiple_clock -no_clock -no_input_delay -loops -generated_clocks
===========================================================================
