
===========================================================================
report_checks -path_delay max (Setup)
============================================================================
======================= min_ss_100C_1v60 Corner ===================================

Startpoint: i6 (input port clocked by __VIRTUAL_CLK__)
Endpoint: o3 (output port clocked by __VIRTUAL_CLK__)
Path Group: __VIRTUAL_CLK__
Path Type: max

Fanout         Cap        Slew       Delay        Time   Description
---------------------------------------------------------------------------------------------
                      0.000000    0.000000    0.000000   clock __VIRTUAL_CLK__ (rise edge)
                                  0.000000    0.000000   clock network delay (ideal)
                                 20.000000   20.000000 ^ input external delay
     1    0.002293    0.028906    0.013095   20.013096 ^ i6 (in)
                                                         i6 (net)
                      0.028906    0.000000   20.013096 ^ input7/A (sky130_fd_sc_hd__dlymetal6s2s_1)
     6    0.019220    0.316746    0.320719   20.333815 ^ input7/X (sky130_fd_sc_hd__dlymetal6s2s_1)
                                                         net7 (net)
                      0.316746    0.000325   20.334141 ^ _29_/A_N (sky130_fd_sc_hd__and2b_1)
     2    0.006534    0.099195    0.482165   20.816305 v _29_/X (sky130_fd_sc_hd__and2b_1)
                                                         _01_ (net)
                      0.099195    0.000023   20.816328 v _48_/A (sky130_fd_sc_hd__or4bb_1)
     1    0.002700    0.173219    1.147944   21.964273 v _48_/X (sky130_fd_sc_hd__or4bb_1)
                                                         _17_ (net)
                      0.173219    0.000014   21.964287 v _49_/B1 (sky130_fd_sc_hd__o41a_1)
     1    0.003090    0.114398    0.249271   22.213558 v _49_/X (sky130_fd_sc_hd__o41a_1)
                                                         _18_ (net)
                      0.114398    0.000036   22.213593 v _55_/A2 (sky130_fd_sc_hd__o22ai_1)
     1    0.002558    0.204898    0.250878   22.464472 ^ _55_/Y (sky130_fd_sc_hd__o22ai_1)
                                                         net14 (net)
                      0.204898    0.000018   22.464489 ^ output14/A (sky130_fd_sc_hd__buf_2)
     1    0.033986    0.270198    0.405523   22.870012 ^ output14/X (sky130_fd_sc_hd__buf_2)
                                                         o3 (net)
                      0.270198    0.000183   22.870195 ^ o3 (out)
                                             22.870195   data arrival time

                      0.000000  100.000000  100.000000   clock __VIRTUAL_CLK__ (rise edge)
                                  0.000000  100.000000   clock network delay (ideal)
                                 -0.250000   99.750000   clock uncertainty
                                  0.000000   99.750000   clock reconvergence pessimism
                                -20.000000   79.750000   output external delay
                                             79.750000   data required time
---------------------------------------------------------------------------------------------
                                             79.750000   data required time
                                            -22.870195   data arrival time
---------------------------------------------------------------------------------------------
                                             56.879799   slack (MET)


Startpoint: i6 (input port clocked by __VIRTUAL_CLK__)
Endpoint: o4 (output port clocked by __VIRTUAL_CLK__)
Path Group: __VIRTUAL_CLK__
Path Type: max

Fanout         Cap        Slew       Delay        Time   Description
---------------------------------------------------------------------------------------------
                      0.000000    0.000000    0.000000   clock __VIRTUAL_CLK__ (rise edge)
                                  0.000000    0.000000   clock network delay (ideal)
                                 20.000000   20.000000 v input external delay
     1    0.002178    0.016108    0.007258   20.007259 v i6 (in)
                                                         i6 (net)
                      0.016108    0.000000   20.007259 v input7/A (sky130_fd_sc_hd__dlymetal6s2s_1)
     6    0.018159    0.194721    0.367468   20.374727 v input7/X (sky130_fd_sc_hd__dlymetal6s2s_1)
                                                         net7 (net)
                      0.194721    0.000085   20.374811 v _41_/A1 (sky130_fd_sc_hd__a21o_1)
     3    0.008883    0.107505    0.388098   20.762911 v _41_/X (sky130_fd_sc_hd__a21o_1)
                                                         _11_ (net)
                      0.107505    0.000075   20.762985 v _56_/A1 (sky130_fd_sc_hd__o21a_1)
     2    0.006531    0.097552    0.385345   21.148331 v _56_/X (sky130_fd_sc_hd__o21a_1)
                                                         _24_ (net)
                      0.097552    0.000076   21.148407 v _57_/A2 (sky130_fd_sc_hd__o21a_1)
     1    0.001401    0.053739    0.300263   21.448669 v _57_/X (sky130_fd_sc_hd__o21a_1)
                                                         _25_ (net)
                      0.053739    0.000005   21.448675 v _58_/B (sky130_fd_sc_hd__or2_1)
     1    0.001977    0.090482    0.438625   21.887300 v _58_/X (sky130_fd_sc_hd__or2_1)
                                                         net15 (net)
                      0.090482    0.000018   21.887318 v output15/A (sky130_fd_sc_hd__buf_2)
     1    0.034303    0.165905    0.354605   22.241922 v output15/X (sky130_fd_sc_hd__buf_2)
                                                         o4 (net)
                      0.165905    0.000279   22.242201 v o4 (out)
                                             22.242201   data arrival time

                      0.000000  100.000000  100.000000   clock __VIRTUAL_CLK__ (rise edge)
                                  0.000000  100.000000   clock network delay (ideal)
                                 -0.250000   99.750000   clock uncertainty
                                  0.000000   99.750000   clock reconvergence pessimism
                                -20.000000   79.750000   output external delay
                                             79.750000   data required time
---------------------------------------------------------------------------------------------
                                             79.750000   data required time
                                            -22.242201   data arrival time
---------------------------------------------------------------------------------------------
                                             57.507797   slack (MET)


Startpoint: i6 (input port clocked by __VIRTUAL_CLK__)
Endpoint: o5 (output port clocked by __VIRTUAL_CLK__)
Path Group: __VIRTUAL_CLK__
Path Type: max

Fanout         Cap        Slew       Delay        Time   Description
---------------------------------------------------------------------------------------------
                      0.000000    0.000000    0.000000   clock __VIRTUAL_CLK__ (rise edge)
                                  0.000000    0.000000   clock network delay (ideal)
                                 20.000000   20.000000 ^ input external delay
     1    0.002293    0.028906    0.013095   20.013096 ^ i6 (in)
                                                         i6 (net)
                      0.028906    0.000000   20.013096 ^ input7/A (sky130_fd_sc_hd__dlymetal6s2s_1)
     6    0.019220    0.316746    0.320719   20.333815 ^ input7/X (sky130_fd_sc_hd__dlymetal6s2s_1)
                                                         net7 (net)
                      0.316746    0.000231   20.334045 ^ _33_/A1 (sky130_fd_sc_hd__o21ai_1)
     2    0.005986    0.147953    0.266827   20.600872 v _33_/Y (sky130_fd_sc_hd__o21ai_1)
                                                         _04_ (net)
                      0.147953    0.000062   20.600935 v _45_/B1 (sky130_fd_sc_hd__a2bb2o_1)
     2    0.006319    0.131469    0.658297   21.259232 v _45_/X (sky130_fd_sc_hd__a2bb2o_1)
                                                         _15_ (net)
                      0.131469    0.000076   21.259308 v _60_/A2 (sky130_fd_sc_hd__o32a_1)
     1    0.002101    0.104460    0.607443   21.866751 v _60_/X (sky130_fd_sc_hd__o32a_1)
                                                         net16 (net)
                      0.104460    0.000020   21.866770 v output16/A (sky130_fd_sc_hd__buf_2)
     1    0.034432    0.166466    0.361679   22.228449 v output16/X (sky130_fd_sc_hd__buf_2)
                                                         o5 (net)
                      0.166466    0.000393   22.228842 v o5 (out)
                                             22.228842   data arrival time

                      0.000000  100.000000  100.000000   clock __VIRTUAL_CLK__ (rise edge)
                                  0.000000  100.000000   clock network delay (ideal)
                                 -0.250000   99.750000   clock uncertainty
                                  0.000000   99.750000   clock reconvergence pessimism
                                -20.000000   79.750000   output external delay
                                             79.750000   data required time
---------------------------------------------------------------------------------------------
                                             79.750000   data required time
                                            -22.228842   data arrival time
---------------------------------------------------------------------------------------------
                                             57.521156   slack (MET)


Startpoint: i6 (input port clocked by __VIRTUAL_CLK__)
Endpoint: o2 (output port clocked by __VIRTUAL_CLK__)
Path Group: __VIRTUAL_CLK__
Path Type: max

Fanout         Cap        Slew       Delay        Time   Description
---------------------------------------------------------------------------------------------
                      0.000000    0.000000    0.000000   clock __VIRTUAL_CLK__ (rise edge)
                                  0.000000    0.000000   clock network delay (ideal)
                                 20.000000   20.000000 ^ input external delay
     1    0.002293    0.028906    0.013095   20.013096 ^ i6 (in)
                                                         i6 (net)
                      0.028906    0.000000   20.013096 ^ input7/A (sky130_fd_sc_hd__dlymetal6s2s_1)
     6    0.019220    0.316746    0.320719   20.333815 ^ input7/X (sky130_fd_sc_hd__dlymetal6s2s_1)
                                                         net7 (net)
                      0.316746    0.000231   20.334045 ^ _33_/A1 (sky130_fd_sc_hd__o21ai_1)
     2    0.005986    0.147953    0.266827   20.600872 v _33_/Y (sky130_fd_sc_hd__o21ai_1)
                                                         _04_ (net)
                      0.147953    0.000062   20.600935 v _45_/B1 (sky130_fd_sc_hd__a2bb2o_1)
     2    0.006319    0.131469    0.658297   21.259232 v _45_/X (sky130_fd_sc_hd__a2bb2o_1)
                                                         _15_ (net)
                      0.131469    0.000060   21.259293 v _46_/A3 (sky130_fd_sc_hd__o31a_1)
     1    0.001827    0.078161    0.458689   21.717981 v _46_/X (sky130_fd_sc_hd__o31a_1)
                                                         net13 (net)
                      0.078161    0.000016   21.717997 v output13/A (sky130_fd_sc_hd__buf_2)
     1    0.034118    0.165146    0.348129   22.066126 v output13/X (sky130_fd_sc_hd__buf_2)
                                                         o2 (net)
                      0.165146    0.000233   22.066359 v o2 (out)
                                             22.066359   data arrival time

                      0.000000  100.000000  100.000000   clock __VIRTUAL_CLK__ (rise edge)
                                  0.000000  100.000000   clock network delay (ideal)
                                 -0.250000   99.750000   clock uncertainty
                                  0.000000   99.750000   clock reconvergence pessimism
                                -20.000000   79.750000   output external delay
                                             79.750000   data required time
---------------------------------------------------------------------------------------------
                                             79.750000   data required time
                                            -22.066359   data arrival time
---------------------------------------------------------------------------------------------
                                             57.683636   slack (MET)


Startpoint: i8 (input port clocked by __VIRTUAL_CLK__)
Endpoint: o6 (output port clocked by __VIRTUAL_CLK__)
Path Group: __VIRTUAL_CLK__
Path Type: max

Fanout         Cap        Slew       Delay        Time   Description
---------------------------------------------------------------------------------------------
                      0.000000    0.000000    0.000000   clock __VIRTUAL_CLK__ (rise edge)
                                  0.000000    0.000000   clock network delay (ideal)
                                 20.000000   20.000000 v input external delay
     1    0.002859    0.018686    0.009397   20.009398 v i8 (in)
                                                         i8 (net)
                      0.018686    0.000000   20.009398 v input9/A (sky130_fd_sc_hd__clkbuf_2)
     9    0.023761    0.172171    0.262345   20.271742 v input9/X (sky130_fd_sc_hd__clkbuf_2)
                                                         net9 (net)
                      0.172171    0.000217   20.271959 v _40_/B (sky130_fd_sc_hd__or2_1)
     2    0.005593    0.122003    0.532271   20.804230 v _40_/X (sky130_fd_sc_hd__or2_1)
                                                         _10_ (net)
                      0.122003    0.000057   20.804287 v _61_/B1 (sky130_fd_sc_hd__o221a_1)
     1    0.002949    0.096250    0.445816   21.250103 v _61_/X (sky130_fd_sc_hd__o221a_1)
                                                         _27_ (net)
                      0.096250    0.000028   21.250132 v _62_/A2 (sky130_fd_sc_hd__o21ai_1)
     1    0.002349    0.153558    0.189182   21.439314 ^ _62_/Y (sky130_fd_sc_hd__o21ai_1)
                                                         net17 (net)
                      0.153558    0.000023   21.439337 ^ output17/A (sky130_fd_sc_hd__buf_2)
     1    0.033903    0.269482    0.381014   21.820351 ^ output17/X (sky130_fd_sc_hd__buf_2)
                                                         o6 (net)
                      0.269482    0.000165   21.820517 ^ o6 (out)
                                             21.820517   data arrival time

                      0.000000  100.000000  100.000000   clock __VIRTUAL_CLK__ (rise edge)
                                  0.000000  100.000000   clock network delay (ideal)
                                 -0.250000   99.750000   clock uncertainty
                                  0.000000   99.750000   clock reconvergence pessimism
                                -20.000000   79.750000   output external delay
                                             79.750000   data required time
---------------------------------------------------------------------------------------------
                                             79.750000   data required time
                                            -21.820517   data arrival time
---------------------------------------------------------------------------------------------
                                             57.929482   slack (MET)


Startpoint: i7 (input port clocked by __VIRTUAL_CLK__)
Endpoint: o1 (output port clocked by __VIRTUAL_CLK__)
Path Group: __VIRTUAL_CLK__
Path Type: max

Fanout         Cap        Slew       Delay        Time   Description
---------------------------------------------------------------------------------------------
                      0.000000    0.000000    0.000000   clock __VIRTUAL_CLK__ (rise edge)
                                  0.000000    0.000000   clock network delay (ideal)
                                 20.000000   20.000000 ^ input external delay
     1    0.002703    0.031615    0.015259   20.015259 ^ i7 (in)
                                                         i7 (net)
                      0.031615    0.000000   20.015259 ^ input8/A (sky130_fd_sc_hd__buf_1)
     5    0.012555    0.247232    0.260052   20.275311 ^ input8/X (sky130_fd_sc_hd__buf_1)
                                                         net8 (net)
                      0.247232    0.000059   20.275370 ^ _34_/A_N (sky130_fd_sc_hd__and2b_1)
     3    0.007499    0.103424    0.469063   20.744432 v _34_/X (sky130_fd_sc_hd__and2b_1)
                                                         _05_ (net)
                      0.103424    0.000050   20.744482 v _37_/A3 (sky130_fd_sc_hd__o31a_1)
     1    0.001985    0.078226    0.450354   21.194838 v _37_/X (sky130_fd_sc_hd__o31a_1)
                                                         net12 (net)
                      0.078226    0.000018   21.194855 v output12/A (sky130_fd_sc_hd__buf_2)
     1    0.034283    0.165839    0.348598   21.543451 v output12/X (sky130_fd_sc_hd__buf_2)
                                                         o1 (net)
                      0.165839    0.000364   21.543816 v o1 (out)
                                             21.543816   data arrival time

                      0.000000  100.000000  100.000000   clock __VIRTUAL_CLK__ (rise edge)
                                  0.000000  100.000000   clock network delay (ideal)
                                 -0.250000   99.750000   clock uncertainty
                                  0.000000   99.750000   clock reconvergence pessimism
                                -20.000000   79.750000   output external delay
                                             79.750000   data required time
---------------------------------------------------------------------------------------------
                                             79.750000   data required time
                                            -21.543816   data arrival time
---------------------------------------------------------------------------------------------
                                             58.206181   slack (MET)


Startpoint: i6 (input port clocked by __VIRTUAL_CLK__)
Endpoint: o0 (output port clocked by __VIRTUAL_CLK__)
Path Group: __VIRTUAL_CLK__
Path Type: max

Fanout         Cap        Slew       Delay        Time   Description
---------------------------------------------------------------------------------------------
                      0.000000    0.000000    0.000000   clock __VIRTUAL_CLK__ (rise edge)
                                  0.000000    0.000000   clock network delay (ideal)
                                 20.000000   20.000000 v input external delay
     1    0.002178    0.016108    0.007258   20.007259 v i6 (in)
                                                         i6 (net)
                      0.016108    0.000000   20.007259 v input7/A (sky130_fd_sc_hd__dlymetal6s2s_1)
     6    0.018159    0.194721    0.367468   20.374727 v input7/X (sky130_fd_sc_hd__dlymetal6s2s_1)
                                                         net7 (net)
                      0.194721    0.000306   20.375032 v _29_/A_N (sky130_fd_sc_hd__and2b_1)
     2    0.006955    0.128119    0.471040   20.846071 ^ _29_/X (sky130_fd_sc_hd__and2b_1)
                                                         _01_ (net)
                      0.128119    0.000028   20.846100 ^ _31_/A (sky130_fd_sc_hd__xnor2_1)
     1    0.002308    0.176416    0.214326   21.060427 ^ _31_/Y (sky130_fd_sc_hd__xnor2_1)
                                                         net11 (net)
                      0.176416    0.000021   21.060448 ^ output11/A (sky130_fd_sc_hd__buf_2)
     1    0.034005    0.270286    0.392264   21.452713 ^ output11/X (sky130_fd_sc_hd__buf_2)
                                                         o0 (net)
                      0.270286    0.000183   21.452896 ^ o0 (out)
                                             21.452896   data arrival time

                      0.000000  100.000000  100.000000   clock __VIRTUAL_CLK__ (rise edge)
                                  0.000000  100.000000   clock network delay (ideal)
                                 -0.250000   99.750000   clock uncertainty
                                  0.000000   99.750000   clock reconvergence pessimism
                                -20.000000   79.750000   output external delay
                                             79.750000   data required time
---------------------------------------------------------------------------------------------
                                             79.750000   data required time
                                            -21.452896   data arrival time
---------------------------------------------------------------------------------------------
                                             58.297104   slack (MET)


Startpoint: i4 (input port clocked by __VIRTUAL_CLK__)
Endpoint: o7 (output port clocked by __VIRTUAL_CLK__)
Path Group: __VIRTUAL_CLK__
Path Type: max

Fanout         Cap        Slew       Delay        Time   Description
---------------------------------------------------------------------------------------------
                      0.000000    0.000000    0.000000   clock __VIRTUAL_CLK__ (rise edge)
                                  0.000000    0.000000   clock network delay (ideal)
                                 20.000000   20.000000 ^ input external delay
     1    0.002742    0.031876    0.015463   20.015463 ^ i4 (in)
                                                         i4 (net)
                      0.031876    0.000000   20.015463 ^ input5/A (sky130_fd_sc_hd__clkbuf_2)
     7    0.023031    0.203741    0.272175   20.287640 ^ input5/X (sky130_fd_sc_hd__clkbuf_2)
                                                         net5 (net)
                      0.203741    0.000165   20.287804 ^ _63_/C (sky130_fd_sc_hd__and4_1)
     1    0.002026    0.092378    0.408514   20.696318 ^ _63_/X (sky130_fd_sc_hd__and4_1)
                                                         net18 (net)
                      0.092378    0.000018   20.696337 ^ output18/A (sky130_fd_sc_hd__buf_2)
     1    0.033959    0.269786    0.352602   21.048937 ^ output18/X (sky130_fd_sc_hd__buf_2)
                                                         o7 (net)
                      0.269786    0.000183   21.049120 ^ o7 (out)
                                             21.049120   data arrival time

                      0.000000  100.000000  100.000000   clock __VIRTUAL_CLK__ (rise edge)
                                  0.000000  100.000000   clock network delay (ideal)
                                 -0.250000   99.750000   clock uncertainty
                                  0.000000   99.750000   clock reconvergence pessimism
                                -20.000000   79.750000   output external delay
                                             79.750000   data required time
---------------------------------------------------------------------------------------------
                                             79.750000   data required time
                                            -21.049120   data arrival time
---------------------------------------------------------------------------------------------
                                             58.700878   slack (MET)



