
===========================================================================
report_checks -path_delay min (Hold)
============================================================================
======================= min_ss_100C_1v60 Corner ===================================

Startpoint: i5 (input port clocked by __VIRTUAL_CLK__)
Endpoint: o6 (output port clocked by __VIRTUAL_CLK__)
Path Group: __VIRTUAL_CLK__
Path Type: min

Fanout         Cap        Slew       Delay        Time   Description
---------------------------------------------------------------------------------------------
                      0.000000    0.000000    0.000000   clock __VIRTUAL_CLK__ (rise edge)
                                  0.000000    0.000000   clock network delay (ideal)
                                 20.000000   20.000000 v input external delay
     1    0.003121    0.019691    0.010223   20.010223 v i5 (in)
                                                         i5 (net)
                      0.019691    0.000000   20.010223 v input6/A (sky130_fd_sc_hd__buf_1)
     5    0.010776    0.133019    0.205340   20.215563 v input6/X (sky130_fd_sc_hd__buf_1)
                                                         net6 (net)
                      0.133019    0.000178   20.215740 v _62_/B1 (sky130_fd_sc_hd__o21ai_1)
     1    0.002349    0.124512    0.142473   20.358213 ^ _62_/Y (sky130_fd_sc_hd__o21ai_1)
                                                         net17 (net)
                      0.124512    0.000023   20.358236 ^ output17/A (sky130_fd_sc_hd__buf_2)
     1    0.033903    0.269429    0.367390   20.725626 ^ output17/X (sky130_fd_sc_hd__buf_2)
                                                         o6 (net)
                      0.269429    0.000165   20.725792 ^ o6 (out)
                                             20.725792   data arrival time

                      0.000000    0.000000    0.000000   clock __VIRTUAL_CLK__ (rise edge)
                                  0.000000    0.000000   clock network delay (ideal)
                                  0.250000    0.250000   clock uncertainty
                                  0.000000    0.250000   clock reconvergence pessimism
                                -20.000000  -19.750002   output external delay
                                            -19.750002   data required time
---------------------------------------------------------------------------------------------
                                            -19.750002   data required time
                                            -20.725792   data arrival time
---------------------------------------------------------------------------------------------
                                             40.475792   slack (MET)


Startpoint: i9 (input port clocked by __VIRTUAL_CLK__)
Endpoint: o4 (output port clocked by __VIRTUAL_CLK__)
Path Group: __VIRTUAL_CLK__
Path Type: min

Fanout         Cap        Slew       Delay        Time   Description
---------------------------------------------------------------------------------------------
                      0.000000    0.000000    0.000000   clock __VIRTUAL_CLK__ (rise edge)
                                  0.000000    0.000000   clock network delay (ideal)
                                 20.000000   20.000000 ^ input external delay
     1    0.002747    0.031910    0.015492   20.015491 ^ i9 (in)
                                                         i9 (net)
                      0.031910    0.000000   20.015491 ^ input10/A (sky130_fd_sc_hd__buf_1)
     4    0.009081    0.188679    0.215342   20.230835 ^ input10/X (sky130_fd_sc_hd__buf_1)
                                                         net10 (net)
                      0.188679    0.000055   20.230890 ^ _58_/A (sky130_fd_sc_hd__or2_1)
     1    0.002105    0.056368    0.208587   20.439476 ^ _58_/X (sky130_fd_sc_hd__or2_1)
                                                         net15 (net)
                      0.056368    0.000018   20.439495 ^ output15/A (sky130_fd_sc_hd__buf_2)
     1    0.034303    0.272303    0.337716   20.777210 ^ output15/X (sky130_fd_sc_hd__buf_2)
                                                         o4 (net)
                      0.272303    0.000279   20.777489 ^ o4 (out)
                                             20.777489   data arrival time

                      0.000000    0.000000    0.000000   clock __VIRTUAL_CLK__ (rise edge)
                                  0.000000    0.000000   clock network delay (ideal)
                                  0.250000    0.250000   clock uncertainty
                                  0.000000    0.250000   clock reconvergence pessimism
                                -20.000000  -19.750002   output external delay
                                            -19.750002   data required time
---------------------------------------------------------------------------------------------
                                            -19.750002   data required time
                                            -20.777489   data arrival time
---------------------------------------------------------------------------------------------
                                             40.527489   slack (MET)


Startpoint: i2 (input port clocked by __VIRTUAL_CLK__)
Endpoint: o7 (output port clocked by __VIRTUAL_CLK__)
Path Group: __VIRTUAL_CLK__
Path Type: min

Fanout         Cap        Slew       Delay        Time   Description
---------------------------------------------------------------------------------------------
                      0.000000    0.000000    0.000000   clock __VIRTUAL_CLK__ (rise edge)
                                  0.000000    0.000000   clock network delay (ideal)
                                 20.000000   20.000000 v input external delay
     1    0.003065    0.019475    0.010045   20.010046 v i2 (in)
                                                         i2 (net)
                      0.019475    0.000000   20.010046 v input3/A (sky130_fd_sc_hd__clkbuf_2)
     8    0.020699    0.152141    0.247860   20.257906 v input3/X (sky130_fd_sc_hd__clkbuf_2)
                                                         net3 (net)
                      0.152141    0.000195   20.258102 v _63_/A (sky130_fd_sc_hd__and4_1)
     1    0.001898    0.057596    0.328475   20.586576 v _63_/X (sky130_fd_sc_hd__and4_1)
                                                         net18 (net)
                      0.057596    0.000016   20.586592 v output18/A (sky130_fd_sc_hd__buf_2)
     1    0.033959    0.164604    0.338231   20.924824 v output18/X (sky130_fd_sc_hd__buf_2)
                                                         o7 (net)
                      0.164604    0.000183   20.925007 v o7 (out)
                                             20.925007   data arrival time

                      0.000000    0.000000    0.000000   clock __VIRTUAL_CLK__ (rise edge)
                                  0.000000    0.000000   clock network delay (ideal)
                                  0.250000    0.250000   clock uncertainty
                                  0.000000    0.250000   clock reconvergence pessimism
                                -20.000000  -19.750002   output external delay
                                            -19.750002   data required time
---------------------------------------------------------------------------------------------
                                            -19.750002   data required time
                                            -20.925007   data arrival time
---------------------------------------------------------------------------------------------
                                             40.675007   slack (MET)


Startpoint: i1 (input port clocked by __VIRTUAL_CLK__)
Endpoint: o2 (output port clocked by __VIRTUAL_CLK__)
Path Group: __VIRTUAL_CLK__
Path Type: min

Fanout         Cap        Slew       Delay        Time   Description
---------------------------------------------------------------------------------------------
                      0.000000    0.000000    0.000000   clock __VIRTUAL_CLK__ (rise edge)
                                  0.000000    0.000000   clock network delay (ideal)
                                 20.000000   20.000000 ^ input external delay
     1    0.002887    0.032832    0.016231   20.016232 ^ i1 (in)
                                                         i1 (net)
                      0.032832    0.000000   20.016232 ^ input2/A (sky130_fd_sc_hd__clkbuf_2)
     8    0.024887    0.218731    0.283269   20.299500 ^ input2/X (sky130_fd_sc_hd__clkbuf_2)
                                                         net2 (net)
                      0.218731    0.000293   20.299793 ^ _46_/A1 (sky130_fd_sc_hd__o31a_1)
     1    0.001955    0.066671    0.299817   20.599609 ^ _46_/X (sky130_fd_sc_hd__o31a_1)
                                                         net13 (net)
                      0.066671    0.000016   20.599627 ^ output13/A (sky130_fd_sc_hd__buf_2)
     1    0.034118    0.270930    0.341485   20.941111 ^ output13/X (sky130_fd_sc_hd__buf_2)
                                                         o2 (net)
                      0.270930    0.000233   20.941343 ^ o2 (out)
                                             20.941343   data arrival time

                      0.000000    0.000000    0.000000   clock __VIRTUAL_CLK__ (rise edge)
                                  0.000000    0.000000   clock network delay (ideal)
                                  0.250000    0.250000   clock uncertainty
                                  0.000000    0.250000   clock reconvergence pessimism
                                -20.000000  -19.750002   output external delay
                                            -19.750002   data required time
---------------------------------------------------------------------------------------------
                                            -19.750002   data required time
                                            -20.941343   data arrival time
---------------------------------------------------------------------------------------------
                                             40.691345   slack (MET)


Startpoint: i1 (input port clocked by __VIRTUAL_CLK__)
Endpoint: o1 (output port clocked by __VIRTUAL_CLK__)
Path Group: __VIRTUAL_CLK__
Path Type: min

Fanout         Cap        Slew       Delay        Time   Description
---------------------------------------------------------------------------------------------
                      0.000000    0.000000    0.000000   clock __VIRTUAL_CLK__ (rise edge)
                                  0.000000    0.000000   clock network delay (ideal)
                                 20.000000   20.000000 ^ input external delay
     1    0.002887    0.032832    0.016231   20.016232 ^ i1 (in)
                                                         i1 (net)
                      0.032832    0.000000   20.016232 ^ input2/A (sky130_fd_sc_hd__clkbuf_2)
     8    0.024887    0.218731    0.283269   20.299500 ^ input2/X (sky130_fd_sc_hd__clkbuf_2)
                                                         net2 (net)
                      0.218731    0.000119   20.299618 ^ _37_/A1 (sky130_fd_sc_hd__o31a_1)
     1    0.002113    0.067215    0.301974   20.601593 ^ _37_/X (sky130_fd_sc_hd__o31a_1)
                                                         net12 (net)
                      0.067215    0.000020   20.601612 ^ output12/A (sky130_fd_sc_hd__buf_2)
     1    0.034283    0.272185    0.342519   20.944130 ^ output12/X (sky130_fd_sc_hd__buf_2)
                                                         o1 (net)
                      0.272185    0.000364   20.944494 ^ o1 (out)
                                             20.944494   data arrival time

                      0.000000    0.000000    0.000000   clock __VIRTUAL_CLK__ (rise edge)
                                  0.000000    0.000000   clock network delay (ideal)
                                  0.250000    0.250000   clock uncertainty
                                  0.000000    0.250000   clock reconvergence pessimism
                                -20.000000  -19.750002   output external delay
                                            -19.750002   data required time
---------------------------------------------------------------------------------------------
                                            -19.750002   data required time
                                            -20.944494   data arrival time
---------------------------------------------------------------------------------------------
                                             40.694496   slack (MET)


Startpoint: i4 (input port clocked by __VIRTUAL_CLK__)
Endpoint: o5 (output port clocked by __VIRTUAL_CLK__)
Path Group: __VIRTUAL_CLK__
Path Type: min

Fanout         Cap        Slew       Delay        Time   Description
---------------------------------------------------------------------------------------------
                      0.000000    0.000000    0.000000   clock __VIRTUAL_CLK__ (rise edge)
                                  0.000000    0.000000   clock network delay (ideal)
                                 20.000000   20.000000 v input external delay
     1    0.002557    0.017541    0.008448   20.008450 v i4 (in)
                                                         i4 (net)
                      0.017541    0.000000   20.008450 v input5/A (sky130_fd_sc_hd__clkbuf_2)
     7    0.021849    0.159678    0.252530   20.260979 v input5/X (sky130_fd_sc_hd__clkbuf_2)
                                                         net5 (net)
                      0.159678    0.000423   20.261402 v _28_/A (sky130_fd_sc_hd__inv_2)
     1    0.003104    0.054326    0.100332   20.361734 ^ _28_/Y (sky130_fd_sc_hd__inv_2)
                                                         _00_ (net)
                      0.054326    0.000032   20.361767 ^ _60_/A1 (sky130_fd_sc_hd__o32a_1)
     1    0.002229    0.071601    0.278831   20.640598 ^ _60_/X (sky130_fd_sc_hd__o32a_1)
                                                         net16 (net)
                      0.071601    0.000021   20.640619 ^ output16/A (sky130_fd_sc_hd__buf_2)
     1    0.034432    0.273304    0.345301   20.985920 ^ output16/X (sky130_fd_sc_hd__buf_2)
                                                         o5 (net)
                      0.273304    0.000393   20.986313 ^ o5 (out)
                                             20.986313   data arrival time

                      0.000000    0.000000    0.000000   clock __VIRTUAL_CLK__ (rise edge)
                                  0.000000    0.000000   clock network delay (ideal)
                                  0.250000    0.250000   clock uncertainty
                                  0.000000    0.250000   clock reconvergence pessimism
                                -20.000000  -19.750002   output external delay
                                            -19.750002   data required time
---------------------------------------------------------------------------------------------
                                            -19.750002   data required time
                                            -20.986313   data arrival time
---------------------------------------------------------------------------------------------
                                             40.736313   slack (MET)


Startpoint: i9 (input port clocked by __VIRTUAL_CLK__)
Endpoint: o3 (output port clocked by __VIRTUAL_CLK__)
Path Group: __VIRTUAL_CLK__
Path Type: min

Fanout         Cap        Slew       Delay        Time   Description
---------------------------------------------------------------------------------------------
                      0.000000    0.000000    0.000000   clock __VIRTUAL_CLK__ (rise edge)
                                  0.000000    0.000000   clock network delay (ideal)
                                 20.000000   20.000000 ^ input external delay
     1    0.002747    0.031910    0.015492   20.015491 ^ i9 (in)
                                                         i9 (net)
                      0.031910    0.000000   20.015491 ^ input10/A (sky130_fd_sc_hd__buf_1)
     4    0.009081    0.188679    0.215342   20.230835 ^ input10/X (sky130_fd_sc_hd__buf_1)
                                                         net10 (net)
                      0.188679    0.000080   20.230915 ^ _50_/B (sky130_fd_sc_hd__or3b_1)
     2    0.006704    0.113690    0.262933   20.493847 ^ _50_/X (sky130_fd_sc_hd__or3b_1)
                                                         _19_ (net)
                      0.113690    0.000046   20.493893 ^ _55_/B1 (sky130_fd_sc_hd__o22ai_1)
     1    0.002430    0.087313    0.158831   20.652725 v _55_/Y (sky130_fd_sc_hd__o22ai_1)
                                                         net14 (net)
                      0.087313    0.000018   20.652742 v output14/A (sky130_fd_sc_hd__buf_2)
     1    0.033986    0.164617    0.352129   21.004871 v output14/X (sky130_fd_sc_hd__buf_2)
                                                         o3 (net)
                      0.164617    0.000183   21.005054 v o3 (out)
                                             21.005054   data arrival time

                      0.000000    0.000000    0.000000   clock __VIRTUAL_CLK__ (rise edge)
                                  0.000000    0.000000   clock network delay (ideal)
                                  0.250000    0.250000   clock uncertainty
                                  0.000000    0.250000   clock reconvergence pessimism
                                -20.000000  -19.750002   output external delay
                                            -19.750002   data required time
---------------------------------------------------------------------------------------------
                                            -19.750002   data required time
                                            -21.005054   data arrival time
---------------------------------------------------------------------------------------------
                                             40.755054   slack (MET)


Startpoint: i0 (input port clocked by __VIRTUAL_CLK__)
Endpoint: o0 (output port clocked by __VIRTUAL_CLK__)
Path Group: __VIRTUAL_CLK__
Path Type: min

Fanout         Cap        Slew       Delay        Time   Description
---------------------------------------------------------------------------------------------
                      0.000000    0.000000    0.000000   clock __VIRTUAL_CLK__ (rise edge)
                                  0.000000    0.000000   clock network delay (ideal)
                                 20.000000   20.000000 ^ input external delay
     1    0.003289    0.035506    0.018352   20.018353 ^ i0 (in)
                                                         i0 (net)
                      0.035506    0.000000   20.018353 ^ input1/A (sky130_fd_sc_hd__clkbuf_2)
     7    0.020609    0.184141    0.259954   20.278305 ^ input1/X (sky130_fd_sc_hd__clkbuf_2)
                                                         net1 (net)
                      0.184141    0.000115   20.278421 ^ _30_/B (sky130_fd_sc_hd__and2b_1)
     1    0.004809    0.099589    0.289896   20.568317 ^ _30_/X (sky130_fd_sc_hd__and2b_1)
                                                         _02_ (net)
                      0.099589    0.000023   20.568340 ^ _31_/B (sky130_fd_sc_hd__xnor2_1)
     1    0.002180    0.063618    0.120094   20.688435 v _31_/Y (sky130_fd_sc_hd__xnor2_1)
                                                         net11 (net)
                      0.063618    0.000021   20.688456 v output11/A (sky130_fd_sc_hd__buf_2)
     1    0.034005    0.164758    0.341139   21.029594 v output11/X (sky130_fd_sc_hd__buf_2)
                                                         o0 (net)
                      0.164758    0.000183   21.029778 v o0 (out)
                                             21.029778   data arrival time

                      0.000000    0.000000    0.000000   clock __VIRTUAL_CLK__ (rise edge)
                                  0.000000    0.000000   clock network delay (ideal)
                                  0.250000    0.250000   clock uncertainty
                                  0.000000    0.250000   clock reconvergence pessimism
                                -20.000000  -19.750002   output external delay
                                            -19.750002   data required time
---------------------------------------------------------------------------------------------
                                            -19.750002   data required time
                                            -21.029778   data arrival time
---------------------------------------------------------------------------------------------
                                             40.779778   slack (MET)



