
===========================================================================
report_checks -unconstrained
===========================================================================
======================= max_ff_n40C_1v95 Corner ===================================

Startpoint: i6 (input port clocked by __VIRTUAL_CLK__)
Endpoint: o3 (output port clocked by __VIRTUAL_CLK__)
Path Group: __VIRTUAL_CLK__
Path Type: max

Fanout         Cap        Slew       Delay        Time   Description
---------------------------------------------------------------------------------------------
                      0.000000    0.000000    0.000000   clock __VIRTUAL_CLK__ (rise edge)
                                  0.000000    0.000000   clock network delay (ideal)
                                 20.000000   20.000000 ^ input external delay
     1    0.002617    0.013263    0.006798   20.006798 ^ i6 (in)
                                                         i6 (net)
                      0.013269    0.000000   20.006798 ^ input7/A (sky130_fd_sc_hd__dlymetal6s2s_1)
     6    0.020958    0.171575    0.149130   20.155930 ^ input7/X (sky130_fd_sc_hd__dlymetal6s2s_1)
                                                         net7 (net)
                      0.171594    0.001487   20.157415 ^ _29_/A_N (sky130_fd_sc_hd__and2b_1)
     2    0.006876    0.036443    0.132227   20.289642 v _29_/X (sky130_fd_sc_hd__and2b_1)
                                                         _01_ (net)
                      0.036444    0.000254   20.289896 v _48_/A (sky130_fd_sc_hd__or4bb_1)
     1    0.002799    0.050862    0.280854   20.570751 v _48_/X (sky130_fd_sc_hd__or4bb_1)
                                                         _17_ (net)
                      0.050862    0.000131   20.570883 v _49_/B1 (sky130_fd_sc_hd__o41a_1)
     1    0.003286    0.045484    0.072925   20.643806 v _49_/X (sky130_fd_sc_hd__o41a_1)
                                                         _18_ (net)
                      0.045560    0.000215   20.644022 v _55_/A2 (sky130_fd_sc_hd__o22ai_1)
     1    0.002819    0.084117    0.092218   20.736240 ^ _55_/Y (sky130_fd_sc_hd__o22ai_1)
                                                         net14 (net)
                      0.084117    0.000117   20.736357 ^ output14/A (sky130_fd_sc_hd__buf_2)
     1    0.034069    0.127171    0.149946   20.886303 ^ output14/X (sky130_fd_sc_hd__buf_2)
                                                         o3 (net)
                      0.127201    0.001618   20.887920 ^ o3 (out)
                                             20.887920   data arrival time

                      0.000000  100.000000  100.000000   clock __VIRTUAL_CLK__ (rise edge)
                                  0.000000  100.000000   clock network delay (ideal)
                                 -0.250000   99.750000   clock uncertainty
                                  0.000000   99.750000   clock reconvergence pessimism
                                -20.000000   79.750000   output external delay
                                             79.750000   data required time
---------------------------------------------------------------------------------------------
                                             79.750000   data required time
                                            -20.887920   data arrival time
---------------------------------------------------------------------------------------------
                                             58.862076   slack (MET)




===========================================================================
report_checks --slack_max -0.01
============================================================================
======================= max_ff_n40C_1v95 Corner ===================================

No paths found.


===========================================================================
 report_check_types -max_slew -max_cap -max_fanout -violators
============================================================================
======================= max_ff_n40C_1v95 Corner ===================================



===========================================================================
report_parasitic_annotation -report_unannotated
============================================================================
Found 0 unannotated drivers.
Found 0 partially unannotated drivers.

===========================================================================
max slew violation count 0
max fanout violation count 0
max cap violation count 0
============================================================================

===========================================================================
check_setup -verbose -unconstrained_endpoints -multiple_clock -no_clock -no_input_delay -loops -generated_clocks
===========================================================================
