
===========================================================================
 report_power
============================================================================
======================= max_ff_n40C_1v95 Corner ===================================

Group                    Internal    Switching      Leakage        Total
                            Power        Power        Power        Power (Watts)
------------------------------------------------------------------------
Sequential           0.000000e+00 0.000000e+00 0.000000e+00 0.000000e+00   0.0%
Combinational        8.759702e-07 1.542085e-06 3.259232e-10 2.418381e-06 100.0%
Clock                0.000000e+00 0.000000e+00 1.330875e-10 1.330875e-10   0.0%
Macro                0.000000e+00 0.000000e+00 0.000000e+00 0.000000e+00   0.0%
Pad                  0.000000e+00 0.000000e+00 0.000000e+00 0.000000e+00   0.0%
------------------------------------------------------------------------
Total                8.759702e-07 1.542085e-06 4.590107e-10 2.418514e-06 100.0%
                            36.2%        63.8%         0.0%

