
===========================================================================
report_checks -path_delay max (Setup)
============================================================================
======================= min_ff_n40C_1v95 Corner ===================================

Startpoint: i6 (input port clocked by __VIRTUAL_CLK__)
Endpoint: o3 (output port clocked by __VIRTUAL_CLK__)
Path Group: __VIRTUAL_CLK__
Path Type: max

Fanout         Cap        Slew       Delay        Time   Description
---------------------------------------------------------------------------------------------
                      0.000000    0.000000    0.000000   clock __VIRTUAL_CLK__ (rise edge)
                                  0.000000    0.000000   clock network delay (ideal)
                                 20.000000   20.000000 ^ input external delay
     1    0.002521    0.012925    0.006489   20.006489 ^ i6 (in)
                                                         i6 (net)
                      0.012925    0.000000   20.006489 ^ input7/A (sky130_fd_sc_hd__dlymetal6s2s_1)
     6    0.019644    0.162284    0.143068   20.149557 ^ input7/X (sky130_fd_sc_hd__dlymetal6s2s_1)
                                                         net7 (net)
                      0.162285    0.000334   20.149891 ^ _29_/A_N (sky130_fd_sc_hd__and2b_1)
     2    0.006693    0.035818    0.131488   20.281380 v _29_/X (sky130_fd_sc_hd__and2b_1)
                                                         _01_ (net)
                      0.035818    0.000025   20.281404 v _48_/A (sky130_fd_sc_hd__or4bb_1)
     1    0.002732    0.050469    0.280254   20.561657 v _48_/X (sky130_fd_sc_hd__or4bb_1)
                                                         _17_ (net)
                      0.050469    0.000014   20.561672 v _49_/B1 (sky130_fd_sc_hd__o41a_1)
     1    0.003070    0.044472    0.072106   20.633778 v _49_/X (sky130_fd_sc_hd__o41a_1)
                                                         _18_ (net)
                      0.044472    0.000036   20.633814 v _55_/A2 (sky130_fd_sc_hd__o22ai_1)
     1    0.002683    0.082432    0.090521   20.724335 ^ _55_/Y (sky130_fd_sc_hd__o22ai_1)
                                                         net14 (net)
                      0.082432    0.000020   20.724354 ^ output14/A (sky130_fd_sc_hd__buf_2)
     1    0.033986    0.127080    0.150283   20.874638 ^ output14/X (sky130_fd_sc_hd__buf_2)
                                                         o3 (net)
                      0.127080    0.000183   20.874821 ^ o3 (out)
                                             20.874821   data arrival time

                      0.000000  100.000000  100.000000   clock __VIRTUAL_CLK__ (rise edge)
                                  0.000000  100.000000   clock network delay (ideal)
                                 -0.250000   99.750000   clock uncertainty
                                  0.000000   99.750000   clock reconvergence pessimism
                                -20.000000   79.750000   output external delay
                                             79.750000   data required time
---------------------------------------------------------------------------------------------
                                             79.750000   data required time
                                            -20.874821   data arrival time
---------------------------------------------------------------------------------------------
                                             58.875175   slack (MET)


Startpoint: i6 (input port clocked by __VIRTUAL_CLK__)
Endpoint: o5 (output port clocked by __VIRTUAL_CLK__)
Path Group: __VIRTUAL_CLK__
Path Type: max

Fanout         Cap        Slew       Delay        Time   Description
---------------------------------------------------------------------------------------------
                      0.000000    0.000000    0.000000   clock __VIRTUAL_CLK__ (rise edge)
                                  0.000000    0.000000   clock network delay (ideal)
                                 20.000000   20.000000 ^ input external delay
     1    0.002521    0.012925    0.006489   20.006489 ^ i6 (in)
                                                         i6 (net)
                      0.012925    0.000000   20.006489 ^ input7/A (sky130_fd_sc_hd__dlymetal6s2s_1)
     6    0.019644    0.162284    0.143068   20.149557 ^ input7/X (sky130_fd_sc_hd__dlymetal6s2s_1)
                                                         net7 (net)
                      0.162285    0.000234   20.149792 ^ _33_/A1 (sky130_fd_sc_hd__o21ai_1)
     2    0.006079    0.056817    0.068086   20.217878 v _33_/Y (sky130_fd_sc_hd__o21ai_1)
                                                         _04_ (net)
                      0.056817    0.000064   20.217941 v _45_/B1 (sky130_fd_sc_hd__a2bb2o_1)
     2    0.006267    0.046849    0.187489   20.405432 v _45_/X (sky130_fd_sc_hd__a2bb2o_1)
                                                         _15_ (net)
                      0.046849    0.000076   20.405508 v _60_/A2 (sky130_fd_sc_hd__o32a_1)
     1    0.002195    0.035096    0.184642   20.590149 v _60_/X (sky130_fd_sc_hd__o32a_1)
                                                         net16 (net)
                      0.035096    0.000021   20.590170 v output16/A (sky130_fd_sc_hd__buf_2)
     1    0.034432    0.062915    0.119668   20.709839 v output16/X (sky130_fd_sc_hd__buf_2)
                                                         o5 (net)
                      0.062917    0.000393   20.710230 v o5 (out)
                                             20.710230   data arrival time

                      0.000000  100.000000  100.000000   clock __VIRTUAL_CLK__ (rise edge)
                                  0.000000  100.000000   clock network delay (ideal)
                                 -0.250000   99.750000   clock uncertainty
                                  0.000000   99.750000   clock reconvergence pessimism
                                -20.000000   79.750000   output external delay
                                             79.750000   data required time
---------------------------------------------------------------------------------------------
                                             79.750000   data required time
                                            -20.710230   data arrival time
---------------------------------------------------------------------------------------------
                                             59.039764   slack (MET)


Startpoint: i6 (input port clocked by __VIRTUAL_CLK__)
Endpoint: o4 (output port clocked by __VIRTUAL_CLK__)
Path Group: __VIRTUAL_CLK__
Path Type: max

Fanout         Cap        Slew       Delay        Time   Description
---------------------------------------------------------------------------------------------
                      0.000000    0.000000    0.000000   clock __VIRTUAL_CLK__ (rise edge)
                                  0.000000    0.000000   clock network delay (ideal)
                                 20.000000   20.000000 v input external delay
     1    0.002352    0.004074    0.001867   20.001867 v i6 (in)
                                                         i6 (net)
                      0.004074    0.000000   20.001867 v input7/A (sky130_fd_sc_hd__dlymetal6s2s_1)
     6    0.018299    0.071453    0.117293   20.119160 v input7/X (sky130_fd_sc_hd__dlymetal6s2s_1)
                                                         net7 (net)
                      0.071453    0.000085   20.119246 v _41_/A1 (sky130_fd_sc_hd__a21o_1)
     3    0.008805    0.041815    0.128992   20.248238 v _41_/X (sky130_fd_sc_hd__a21o_1)
                                                         _11_ (net)
                      0.041815    0.000075   20.248312 v _56_/A1 (sky130_fd_sc_hd__o21a_1)
     2    0.006509    0.036295    0.130068   20.378380 v _56_/X (sky130_fd_sc_hd__o21a_1)
                                                         _24_ (net)
                      0.036295    0.000076   20.378456 v _57_/A2 (sky130_fd_sc_hd__o21a_1)
     1    0.001524    0.021136    0.097611   20.476068 v _57_/X (sky130_fd_sc_hd__o21a_1)
                                                         _25_ (net)
                      0.021136    0.000005   20.476072 v _58_/B (sky130_fd_sc_hd__or2_1)
     1    0.002071    0.029686    0.111784   20.587858 v _58_/X (sky130_fd_sc_hd__or2_1)
                                                         net15 (net)
                      0.029686    0.000018   20.587875 v output15/A (sky130_fd_sc_hd__buf_2)
     1    0.034303    0.062678    0.117423   20.705297 v output15/X (sky130_fd_sc_hd__buf_2)
                                                         o4 (net)
                      0.062678    0.000279   20.705576 v o4 (out)
                                             20.705576   data arrival time

                      0.000000  100.000000  100.000000   clock __VIRTUAL_CLK__ (rise edge)
                                  0.000000  100.000000   clock network delay (ideal)
                                 -0.250000   99.750000   clock uncertainty
                                  0.000000   99.750000   clock reconvergence pessimism
                                -20.000000   79.750000   output external delay
                                             79.750000   data required time
---------------------------------------------------------------------------------------------
                                             79.750000   data required time
                                            -20.705576   data arrival time
---------------------------------------------------------------------------------------------
                                             59.044418   slack (MET)


Startpoint: i6 (input port clocked by __VIRTUAL_CLK__)
Endpoint: o2 (output port clocked by __VIRTUAL_CLK__)
Path Group: __VIRTUAL_CLK__
Path Type: max

Fanout         Cap        Slew       Delay        Time   Description
---------------------------------------------------------------------------------------------
                      0.000000    0.000000    0.000000   clock __VIRTUAL_CLK__ (rise edge)
                                  0.000000    0.000000   clock network delay (ideal)
                                 20.000000   20.000000 ^ input external delay
     1    0.002521    0.012925    0.006489   20.006489 ^ i6 (in)
                                                         i6 (net)
                      0.012925    0.000000   20.006489 ^ input7/A (sky130_fd_sc_hd__dlymetal6s2s_1)
     6    0.019644    0.162284    0.143068   20.149557 ^ input7/X (sky130_fd_sc_hd__dlymetal6s2s_1)
                                                         net7 (net)
                      0.162285    0.000234   20.149792 ^ _33_/A1 (sky130_fd_sc_hd__o21ai_1)
     2    0.006079    0.056817    0.068086   20.217878 v _33_/Y (sky130_fd_sc_hd__o21ai_1)
                                                         _04_ (net)
                      0.056817    0.000064   20.217941 v _45_/B1 (sky130_fd_sc_hd__a2bb2o_1)
     2    0.006267    0.046849    0.187489   20.405432 v _45_/X (sky130_fd_sc_hd__a2bb2o_1)
                                                         _15_ (net)
                      0.046849    0.000059   20.405489 v _46_/A3 (sky130_fd_sc_hd__o31a_1)
     1    0.001921    0.031211    0.138735   20.544224 v _46_/X (sky130_fd_sc_hd__o31a_1)
                                                         net13 (net)
                      0.031211    0.000016   20.544241 v output13/A (sky130_fd_sc_hd__buf_2)
     1    0.034118    0.062384    0.117831   20.662071 v output13/X (sky130_fd_sc_hd__buf_2)
                                                         o2 (net)
                      0.062384    0.000233   20.662304 v o2 (out)
                                             20.662304   data arrival time

                      0.000000  100.000000  100.000000   clock __VIRTUAL_CLK__ (rise edge)
                                  0.000000  100.000000   clock network delay (ideal)
                                 -0.250000   99.750000   clock uncertainty
                                  0.000000   99.750000   clock reconvergence pessimism
                                -20.000000   79.750000   output external delay
                                             79.750000   data required time
---------------------------------------------------------------------------------------------
                                             79.750000   data required time
                                            -20.662304   data arrival time
---------------------------------------------------------------------------------------------
                                             59.087692   slack (MET)


Startpoint: i8 (input port clocked by __VIRTUAL_CLK__)
Endpoint: o6 (output port clocked by __VIRTUAL_CLK__)
Path Group: __VIRTUAL_CLK__
Path Type: max

Fanout         Cap        Slew       Delay        Time   Description
---------------------------------------------------------------------------------------------
                      0.000000    0.000000    0.000000   clock __VIRTUAL_CLK__ (rise edge)
                                  0.000000    0.000000   clock network delay (ideal)
                                 20.000000   20.000000 v input external delay
     1    0.002874    0.004841    0.002322   20.002321 v i8 (in)
                                                         i8 (net)
                      0.004841    0.000000   20.002321 v input9/A (sky130_fd_sc_hd__clkbuf_2)
     9    0.024086    0.066564    0.097980   20.100302 v input9/X (sky130_fd_sc_hd__clkbuf_2)
                                                         net9 (net)
                      0.066564    0.000220   20.100523 v _40_/B (sky130_fd_sc_hd__or2_1)
     2    0.005579    0.041463    0.142558   20.243080 v _40_/X (sky130_fd_sc_hd__or2_1)
                                                         _10_ (net)
                      0.041463    0.000057   20.243137 v _61_/B1 (sky130_fd_sc_hd__o221a_1)
     1    0.002934    0.033104    0.136405   20.379541 v _61_/X (sky130_fd_sc_hd__o221a_1)
                                                         _27_ (net)
                      0.033104    0.000028   20.379570 v _62_/A2 (sky130_fd_sc_hd__o21ai_1)
     1    0.002474    0.066157    0.072520   20.452091 ^ _62_/Y (sky130_fd_sc_hd__o21ai_1)
                                                         net17 (net)
                      0.066157    0.000023   20.452114 ^ output17/A (sky130_fd_sc_hd__buf_2)
     1    0.033903    0.126771    0.146358   20.598471 ^ output17/X (sky130_fd_sc_hd__buf_2)
                                                         o6 (net)
                      0.126771    0.000165   20.598637 ^ o6 (out)
                                             20.598637   data arrival time

                      0.000000  100.000000  100.000000   clock __VIRTUAL_CLK__ (rise edge)
                                  0.000000  100.000000   clock network delay (ideal)
                                 -0.250000   99.750000   clock uncertainty
                                  0.000000   99.750000   clock reconvergence pessimism
                                -20.000000   79.750000   output external delay
                                             79.750000   data required time
---------------------------------------------------------------------------------------------
                                             79.750000   data required time
                                            -20.598637   data arrival time
---------------------------------------------------------------------------------------------
                                             59.151363   slack (MET)


Startpoint: i6 (input port clocked by __VIRTUAL_CLK__)
Endpoint: o0 (output port clocked by __VIRTUAL_CLK__)
Path Group: __VIRTUAL_CLK__
Path Type: max

Fanout         Cap        Slew       Delay        Time   Description
---------------------------------------------------------------------------------------------
                      0.000000    0.000000    0.000000   clock __VIRTUAL_CLK__ (rise edge)
                                  0.000000    0.000000   clock network delay (ideal)
                                 20.000000   20.000000 ^ input external delay
     1    0.002521    0.012925    0.006489   20.006489 ^ i6 (in)
                                                         i6 (net)
                      0.012925    0.000000   20.006489 ^ input7/A (sky130_fd_sc_hd__dlymetal6s2s_1)
     6    0.019644    0.162284    0.143068   20.149557 ^ input7/X (sky130_fd_sc_hd__dlymetal6s2s_1)
                                                         net7 (net)
                      0.162285    0.000334   20.149891 ^ _29_/A_N (sky130_fd_sc_hd__and2b_1)
     2    0.006693    0.035818    0.131488   20.281380 v _29_/X (sky130_fd_sc_hd__and2b_1)
                                                         _01_ (net)
                      0.035818    0.000028   20.281406 v _31_/A (sky130_fd_sc_hd__xnor2_1)
     1    0.002433    0.077157    0.095110   20.376516 ^ _31_/Y (sky130_fd_sc_hd__xnor2_1)
                                                         net11 (net)
                      0.077157    0.000023   20.376539 ^ output11/A (sky130_fd_sc_hd__buf_2)
     1    0.034005    0.127148    0.149120   20.525660 ^ output11/X (sky130_fd_sc_hd__buf_2)
                                                         o0 (net)
                      0.127148    0.000183   20.525843 ^ o0 (out)
                                             20.525843   data arrival time

                      0.000000  100.000000  100.000000   clock __VIRTUAL_CLK__ (rise edge)
                                  0.000000  100.000000   clock network delay (ideal)
                                 -0.250000   99.750000   clock uncertainty
                                  0.000000   99.750000   clock reconvergence pessimism
                                -20.000000   79.750000   output external delay
                                             79.750000   data required time
---------------------------------------------------------------------------------------------
                                             79.750000   data required time
                                            -20.525843   data arrival time
---------------------------------------------------------------------------------------------
                                             59.224155   slack (MET)


Startpoint: i6 (input port clocked by __VIRTUAL_CLK__)
Endpoint: o1 (output port clocked by __VIRTUAL_CLK__)
Path Group: __VIRTUAL_CLK__
Path Type: max

Fanout         Cap        Slew       Delay        Time   Description
---------------------------------------------------------------------------------------------
                      0.000000    0.000000    0.000000   clock __VIRTUAL_CLK__ (rise edge)
                                  0.000000    0.000000   clock network delay (ideal)
                                 20.000000   20.000000 ^ input external delay
     1    0.002521    0.012925    0.006489   20.006489 ^ i6 (in)
                                                         i6 (net)
                      0.012925    0.000000   20.006489 ^ input7/A (sky130_fd_sc_hd__dlymetal6s2s_1)
     6    0.019644    0.162284    0.143068   20.149557 ^ input7/X (sky130_fd_sc_hd__dlymetal6s2s_1)
                                                         net7 (net)
                      0.162285    0.000234   20.149792 ^ _33_/A1 (sky130_fd_sc_hd__o21ai_1)
     2    0.006079    0.056817    0.068086   20.217878 v _33_/Y (sky130_fd_sc_hd__o21ai_1)
                                                         _04_ (net)
                      0.056817    0.000039   20.217916 v _37_/A2 (sky130_fd_sc_hd__o31a_1)
     1    0.002079    0.031710    0.168470   20.386387 v _37_/X (sky130_fd_sc_hd__o31a_1)
                                                         net12 (net)
                      0.031710    0.000020   20.386406 v output12/A (sky130_fd_sc_hd__buf_2)
     1    0.034283    0.062683    0.118142   20.504547 v output12/X (sky130_fd_sc_hd__buf_2)
                                                         o1 (net)
                      0.062684    0.000364   20.504911 v o1 (out)
                                             20.504911   data arrival time

                      0.000000  100.000000  100.000000   clock __VIRTUAL_CLK__ (rise edge)
                                  0.000000  100.000000   clock network delay (ideal)
                                 -0.250000   99.750000   clock uncertainty
                                  0.000000   99.750000   clock reconvergence pessimism
                                -20.000000   79.750000   output external delay
                                             79.750000   data required time
---------------------------------------------------------------------------------------------
                                             79.750000   data required time
                                            -20.504911   data arrival time
---------------------------------------------------------------------------------------------
                                             59.245083   slack (MET)


Startpoint: i3 (input port clocked by __VIRTUAL_CLK__)
Endpoint: o7 (output port clocked by __VIRTUAL_CLK__)
Path Group: __VIRTUAL_CLK__
Path Type: max

Fanout         Cap        Slew       Delay        Time   Description
---------------------------------------------------------------------------------------------
                      0.000000    0.000000    0.000000   clock __VIRTUAL_CLK__ (rise edge)
                                  0.000000    0.000000   clock network delay (ideal)
                                 20.000000   20.000000 ^ input external delay
     1    0.003707    0.017174    0.009601   20.009602 ^ i3 (in)
                                                         i3 (net)
                      0.017174    0.000000   20.009602 ^ input4/A (sky130_fd_sc_hd__clkbuf_2)
     9    0.023456    0.101482    0.112578   20.122181 ^ input4/X (sky130_fd_sc_hd__clkbuf_2)
                                                         net4 (net)
                      0.101484    0.000348   20.122528 ^ _63_/B (sky130_fd_sc_hd__and4_1)
     1    0.002151    0.032971    0.109296   20.231823 ^ _63_/X (sky130_fd_sc_hd__and4_1)
                                                         net18 (net)
                      0.032971    0.000018   20.231842 ^ output18/A (sky130_fd_sc_hd__buf_2)
     1    0.033959    0.127074    0.137385   20.369226 ^ output18/X (sky130_fd_sc_hd__buf_2)
                                                         o7 (net)
                      0.127074    0.000183   20.369410 ^ o7 (out)
                                             20.369410   data arrival time

                      0.000000  100.000000  100.000000   clock __VIRTUAL_CLK__ (rise edge)
                                  0.000000  100.000000   clock network delay (ideal)
                                 -0.250000   99.750000   clock uncertainty
                                  0.000000   99.750000   clock reconvergence pessimism
                                -20.000000   79.750000   output external delay
                                             79.750000   data required time
---------------------------------------------------------------------------------------------
                                             79.750000   data required time
                                            -20.369410   data arrival time
---------------------------------------------------------------------------------------------
                                             59.380589   slack (MET)



