
===========================================================================
report_checks -unconstrained
===========================================================================
======================= nom_tt_025C_1v80 Corner ===================================

Startpoint: i6 (input port clocked by __VIRTUAL_CLK__)
Endpoint: o3 (output port clocked by __VIRTUAL_CLK__)
Path Group: __VIRTUAL_CLK__
Path Type: max

Fanout         Cap        Slew       Delay        Time   Description
---------------------------------------------------------------------------------------------
                      0.000000    0.000000    0.000000   clock __VIRTUAL_CLK__ (rise edge)
                                  0.000000    0.000000   clock network delay (ideal)
                                 20.000000   20.000000 ^ input external delay
     6    0.018780    0.092003    0.061675   20.061676 ^ i6 (in)
                                                         i6 (net)
                      0.092003    0.000000   20.061676 ^ _29_/A_N (sky130_fd_sc_hd__and2b_2)
     2    0.009719    0.053939    0.241371   20.303047 v _29_/X (sky130_fd_sc_hd__and2b_2)
                                                         _01_ (net)
                      0.053939    0.000000   20.303047 v _48_/A (sky130_fd_sc_hd__or4bb_2)
     1    0.002242    0.090154    0.615518   20.918566 v _48_/X (sky130_fd_sc_hd__or4bb_2)
                                                         _17_ (net)
                      0.090154    0.000000   20.918566 v _49_/B1 (sky130_fd_sc_hd__o41a_2)
     1    0.004011    0.067878    0.134657   21.053223 v _49_/X (sky130_fd_sc_hd__o41a_2)
                                                         _18_ (net)
                      0.067878    0.000000   21.053223 v _55_/A2 (sky130_fd_sc_hd__o22ai_2)
     1    0.033442    0.423177    0.365432   21.418653 ^ _55_/Y (sky130_fd_sc_hd__o22ai_2)
                                                         o3 (net)
                      0.423177    0.000000   21.418653 ^ o3 (out)
                                             21.418653   data arrival time

                      0.000000  100.000000  100.000000   clock __VIRTUAL_CLK__ (rise edge)
                                  0.000000  100.000000   clock network delay (ideal)
                                 -0.250000   99.750000   clock uncertainty
                                  0.000000   99.750000   clock reconvergence pessimism
                                -20.000000   79.750000   output external delay
                                             79.750000   data required time
---------------------------------------------------------------------------------------------
                                             79.750000   data required time
                                            -21.418653   data arrival time
---------------------------------------------------------------------------------------------
                                             58.331345   slack (MET)




===========================================================================
report_checks --slack_max -0.01
============================================================================
======================= nom_tt_025C_1v80 Corner ===================================

No paths found.


===========================================================================
 report_check_types -max_slew -max_cap -max_fanout -violators
============================================================================
======================= nom_tt_025C_1v80 Corner ===================================



===========================================================================
report_parasitic_annotation -report_unannotated
============================================================================
Found 46 unannotated drivers.
 i0
 i1
 i2
 i3
 i4
 i5
 i6
 i7
 i8
 i9
 _28_/Y
 _29_/X
 _30_/X
 _31_/Y
 _32_/Y
 _33_/Y
 _34_/X
 _35_/Y
 _36_/Y
 _37_/X
 _38_/Y
 _39_/Y
 _40_/X
 _41_/X
 _42_/X
 _43_/Y
 _44_/Y
 _45_/X
 _46_/X
 _47_/X
 _48_/X
 _49_/X
 _50_/X
 _51_/Y
 _52_/X
 _53_/X
 _54_/X
 _55_/Y
 _56_/X
 _57_/X
 _58_/X
 _59_/X
 _60_/X
 _61_/X
 _62_/Y
 _63_/X
Found 0 partially unannotated drivers.

===========================================================================
max slew violation count 0
max fanout violation count 0
max cap violation count 0
============================================================================

===========================================================================
check_setup -verbose -unconstrained_endpoints -multiple_clock -no_clock -no_input_delay -loops -generated_clocks
===========================================================================
