
===========================================================================
report_checks -path_delay max (Setup)
============================================================================
======================= nom_tt_025C_1v80 Corner ===================================

Startpoint: i6 (input port clocked by __VIRTUAL_CLK__)
Endpoint: o3 (output port clocked by __VIRTUAL_CLK__)
Path Group: __VIRTUAL_CLK__
Path Type: max

Fanout         Cap        Slew       Delay        Time   Description
---------------------------------------------------------------------------------------------
                      0.000000    0.000000    0.000000   clock __VIRTUAL_CLK__ (rise edge)
                                  0.000000    0.000000   clock network delay (ideal)
                                 20.000000   20.000000 ^ input external delay
     6    0.018780    0.092003    0.061675   20.061676 ^ i6 (in)
                                                         i6 (net)
                      0.092003    0.000000   20.061676 ^ _29_/A_N (sky130_fd_sc_hd__and2b_2)
     2    0.009719    0.053939    0.241371   20.303047 v _29_/X (sky130_fd_sc_hd__and2b_2)
                                                         _01_ (net)
                      0.053939    0.000000   20.303047 v _48_/A (sky130_fd_sc_hd__or4bb_2)
     1    0.002242    0.090154    0.615518   20.918566 v _48_/X (sky130_fd_sc_hd__or4bb_2)
                                                         _17_ (net)
                      0.090154    0.000000   20.918566 v _49_/B1 (sky130_fd_sc_hd__o41a_2)
     1    0.004011    0.067878    0.134657   21.053223 v _49_/X (sky130_fd_sc_hd__o41a_2)
                                                         _18_ (net)
                      0.067878    0.000000   21.053223 v _55_/A2 (sky130_fd_sc_hd__o22ai_2)
     1    0.033442    0.423177    0.365432   21.418653 ^ _55_/Y (sky130_fd_sc_hd__o22ai_2)
                                                         o3 (net)
                      0.423177    0.000000   21.418653 ^ o3 (out)
                                             21.418653   data arrival time

                      0.000000  100.000000  100.000000   clock __VIRTUAL_CLK__ (rise edge)
                                  0.000000  100.000000   clock network delay (ideal)
                                 -0.250000   99.750000   clock uncertainty
                                  0.000000   99.750000   clock reconvergence pessimism
                                -20.000000   79.750000   output external delay
                                             79.750000   data required time
---------------------------------------------------------------------------------------------
                                             79.750000   data required time
                                            -21.418653   data arrival time
---------------------------------------------------------------------------------------------
                                             58.331345   slack (MET)


Startpoint: i3 (input port clocked by __VIRTUAL_CLK__)
Endpoint: o4 (output port clocked by __VIRTUAL_CLK__)
Path Group: __VIRTUAL_CLK__
Path Type: max

Fanout         Cap        Slew       Delay        Time   Description
---------------------------------------------------------------------------------------------
                      0.000000    0.000000    0.000000   clock __VIRTUAL_CLK__ (rise edge)
                                  0.000000    0.000000   clock network delay (ideal)
                                 20.000000   20.000000 v input external delay
     9    0.016376    0.038588    0.026365   20.026365 v i3 (in)
                                                         i3 (net)
                      0.038588    0.000000   20.026365 v _41_/A2 (sky130_fd_sc_hd__a21o_2)
     3    0.011025    0.055431    0.229042   20.255407 v _41_/X (sky130_fd_sc_hd__a21o_2)
                                                         _11_ (net)
                      0.055431    0.000000   20.255407 v _56_/A1 (sky130_fd_sc_hd__o21a_2)
     2    0.004451    0.039194    0.213317   20.468723 v _56_/X (sky130_fd_sc_hd__o21a_2)
                                                         _24_ (net)
                      0.039194    0.000000   20.468723 v _57_/A2 (sky130_fd_sc_hd__o21a_2)
     1    0.001321    0.029233    0.176296   20.645021 v _57_/X (sky130_fd_sc_hd__o21a_2)
                                                         _25_ (net)
                      0.029233    0.000000   20.645021 v _58_/B (sky130_fd_sc_hd__or2_2)
     1    0.033442    0.131173    0.364754   21.009773 v _58_/X (sky130_fd_sc_hd__or2_2)
                                                         o4 (net)
                      0.131173    0.000000   21.009773 v o4 (out)
                                             21.009773   data arrival time

                      0.000000  100.000000  100.000000   clock __VIRTUAL_CLK__ (rise edge)
                                  0.000000  100.000000   clock network delay (ideal)
                                 -0.250000   99.750000   clock uncertainty
                                  0.000000   99.750000   clock reconvergence pessimism
                                -20.000000   79.750000   output external delay
                                             79.750000   data required time
---------------------------------------------------------------------------------------------
                                             79.750000   data required time
                                            -21.009773   data arrival time
---------------------------------------------------------------------------------------------
                                             58.740223   slack (MET)


Startpoint: i1 (input port clocked by __VIRTUAL_CLK__)
Endpoint: o5 (output port clocked by __VIRTUAL_CLK__)
Path Group: __VIRTUAL_CLK__
Path Type: max

Fanout         Cap        Slew       Delay        Time   Description
---------------------------------------------------------------------------------------------
                      0.000000    0.000000    0.000000   clock __VIRTUAL_CLK__ (rise edge)
                                  0.000000    0.000000   clock network delay (ideal)
                                 20.000000   20.000000 v input external delay
     8    0.019243    0.044703    0.030909   20.030909 v i1 (in)
                                                         i1 (net)
                      0.044703    0.000000   20.030909 v _50_/A (sky130_fd_sc_hd__or3b_2)
     2    0.006296    0.090991    0.478245   20.509153 v _50_/X (sky130_fd_sc_hd__or3b_2)
                                                         _19_ (net)
                      0.090991    0.000000   20.509153 v _60_/A3 (sky130_fd_sc_hd__o32a_2)
     1    0.033442    0.124998    0.431550   20.940704 v _60_/X (sky130_fd_sc_hd__o32a_2)
                                                         o5 (net)
                      0.124998    0.000000   20.940704 v o5 (out)
                                             20.940704   data arrival time

                      0.000000  100.000000  100.000000   clock __VIRTUAL_CLK__ (rise edge)
                                  0.000000  100.000000   clock network delay (ideal)
                                 -0.250000   99.750000   clock uncertainty
                                  0.000000   99.750000   clock reconvergence pessimism
                                -20.000000   79.750000   output external delay
                                             79.750000   data required time
---------------------------------------------------------------------------------------------
                                             79.750000   data required time
                                            -20.940704   data arrival time
---------------------------------------------------------------------------------------------
                                             58.809292   slack (MET)


Startpoint: i8 (input port clocked by __VIRTUAL_CLK__)
Endpoint: o6 (output port clocked by __VIRTUAL_CLK__)
Path Group: __VIRTUAL_CLK__
Path Type: max

Fanout         Cap        Slew       Delay        Time   Description
---------------------------------------------------------------------------------------------
                      0.000000    0.000000    0.000000   clock __VIRTUAL_CLK__ (rise edge)
                                  0.000000    0.000000   clock network delay (ideal)
                                 20.000000   20.000000 v input external delay
     9    0.021401    0.049305    0.034328   20.034328 v i8 (in)
                                                         i8 (net)
                      0.049305    0.000000   20.034328 v _40_/B (sky130_fd_sc_hd__or2_2)
     2    0.004452    0.061211    0.277840   20.312168 v _40_/X (sky130_fd_sc_hd__or2_2)
                                                         _10_ (net)
                      0.061211    0.000000   20.312168 v _61_/B1 (sky130_fd_sc_hd__o221a_2)
     1    0.004124    0.047678    0.251523   20.563692 v _61_/X (sky130_fd_sc_hd__o221a_2)
                                                         _27_ (net)
                      0.047678    0.000000   20.563692 v _62_/A2 (sky130_fd_sc_hd__o21ai_2)
     1    0.033442    0.398646    0.329640   20.893332 ^ _62_/Y (sky130_fd_sc_hd__o21ai_2)
                                                         o6 (net)
                      0.398646    0.000000   20.893332 ^ o6 (out)
                                             20.893332   data arrival time

                      0.000000  100.000000  100.000000   clock __VIRTUAL_CLK__ (rise edge)
                                  0.000000  100.000000   clock network delay (ideal)
                                 -0.250000   99.750000   clock uncertainty
                                  0.000000   99.750000   clock reconvergence pessimism
                                -20.000000   79.750000   output external delay
                                             79.750000   data required time
---------------------------------------------------------------------------------------------
                                             79.750000   data required time
                                            -20.893332   data arrival time
---------------------------------------------------------------------------------------------
                                             58.856667   slack (MET)


Startpoint: i2 (input port clocked by __VIRTUAL_CLK__)
Endpoint: o2 (output port clocked by __VIRTUAL_CLK__)
Path Group: __VIRTUAL_CLK__
Path Type: max

Fanout         Cap        Slew       Delay        Time   Description
---------------------------------------------------------------------------------------------
                      0.000000    0.000000    0.000000   clock __VIRTUAL_CLK__ (rise edge)
                                  0.000000    0.000000   clock network delay (ideal)
                                 20.000000   20.000000 ^ input external delay
     8    0.023346    0.112464    0.075921   20.075922 ^ i2 (in)
                                                         i2 (net)
                      0.112464    0.000000   20.075922 ^ _33_/B1 (sky130_fd_sc_hd__o21ai_2)
     2    0.003859    0.043630    0.065869   20.141790 v _33_/Y (sky130_fd_sc_hd__o21ai_2)
                                                         _04_ (net)
                      0.043630    0.000000   20.141790 v _45_/B1 (sky130_fd_sc_hd__a2bb2o_2)
     2    0.004293    0.048995    0.257737   20.399529 v _45_/X (sky130_fd_sc_hd__a2bb2o_2)
                                                         _15_ (net)
                      0.048995    0.000000   20.399529 v _46_/A3 (sky130_fd_sc_hd__o31a_2)
     1    0.033442    0.121067    0.374847   20.774374 v _46_/X (sky130_fd_sc_hd__o31a_2)
                                                         o2 (net)
                      0.121067    0.000000   20.774374 v o2 (out)
                                             20.774374   data arrival time

                      0.000000  100.000000  100.000000   clock __VIRTUAL_CLK__ (rise edge)
                                  0.000000  100.000000   clock network delay (ideal)
                                 -0.250000   99.750000   clock uncertainty
                                  0.000000   99.750000   clock reconvergence pessimism
                                -20.000000   79.750000   output external delay
                                             79.750000   data required time
---------------------------------------------------------------------------------------------
                                             79.750000   data required time
                                            -20.774374   data arrival time
---------------------------------------------------------------------------------------------
                                             58.975624   slack (MET)


Startpoint: i6 (input port clocked by __VIRTUAL_CLK__)
Endpoint: o0 (output port clocked by __VIRTUAL_CLK__)
Path Group: __VIRTUAL_CLK__
Path Type: max

Fanout         Cap        Slew       Delay        Time   Description
---------------------------------------------------------------------------------------------
                      0.000000    0.000000    0.000000   clock __VIRTUAL_CLK__ (rise edge)
                                  0.000000    0.000000   clock network delay (ideal)
                                 20.000000   20.000000 ^ input external delay
     6    0.018780    0.092003    0.061675   20.061676 ^ i6 (in)
                                                         i6 (net)
                      0.092003    0.000000   20.061676 ^ _29_/A_N (sky130_fd_sc_hd__and2b_2)
     2    0.009719    0.053939    0.241371   20.303047 v _29_/X (sky130_fd_sc_hd__and2b_2)
                                                         _01_ (net)
                      0.053939    0.000000   20.303047 v _31_/A (sky130_fd_sc_hd__xnor2_2)
     1    0.033442    0.453977    0.393509   20.696556 ^ _31_/Y (sky130_fd_sc_hd__xnor2_2)
                                                         o0 (net)
                      0.453977    0.000000   20.696556 ^ o0 (out)
                                             20.696556   data arrival time

                      0.000000  100.000000  100.000000   clock __VIRTUAL_CLK__ (rise edge)
                                  0.000000  100.000000   clock network delay (ideal)
                                 -0.250000   99.750000   clock uncertainty
                                  0.000000   99.750000   clock reconvergence pessimism
                                -20.000000   79.750000   output external delay
                                             79.750000   data required time
---------------------------------------------------------------------------------------------
                                             79.750000   data required time
                                            -20.696556   data arrival time
---------------------------------------------------------------------------------------------
                                             59.053444   slack (MET)


Startpoint: i7 (input port clocked by __VIRTUAL_CLK__)
Endpoint: o1 (output port clocked by __VIRTUAL_CLK__)
Path Group: __VIRTUAL_CLK__
Path Type: max

Fanout         Cap        Slew       Delay        Time   Description
---------------------------------------------------------------------------------------------
                      0.000000    0.000000    0.000000   clock __VIRTUAL_CLK__ (rise edge)
                                  0.000000    0.000000   clock network delay (ideal)
                                 20.000000   20.000000 ^ input external delay
     5    0.011900    0.061184    0.040099   20.040100 ^ i7 (in)
                                                         i7 (net)
                      0.061184    0.000000   20.040100 ^ _34_/A_N (sky130_fd_sc_hd__and2b_2)
     3    0.007839    0.049335    0.226200   20.266300 v _34_/X (sky130_fd_sc_hd__and2b_2)
                                                         _05_ (net)
                      0.049335    0.000000   20.266300 v _37_/A3 (sky130_fd_sc_hd__o31a_2)
     1    0.033442    0.121060    0.374948   20.641247 v _37_/X (sky130_fd_sc_hd__o31a_2)
                                                         o1 (net)
                      0.121060    0.000000   20.641247 v o1 (out)
                                             20.641247   data arrival time

                      0.000000  100.000000  100.000000   clock __VIRTUAL_CLK__ (rise edge)
                                  0.000000  100.000000   clock network delay (ideal)
                                 -0.250000   99.750000   clock uncertainty
                                  0.000000   99.750000   clock reconvergence pessimism
                                -20.000000   79.750000   output external delay
                                             79.750000   data required time
---------------------------------------------------------------------------------------------
                                             79.750000   data required time
                                            -20.641247   data arrival time
---------------------------------------------------------------------------------------------
                                             59.108753   slack (MET)


Startpoint: i4 (input port clocked by __VIRTUAL_CLK__)
Endpoint: o7 (output port clocked by __VIRTUAL_CLK__)
Path Group: __VIRTUAL_CLK__
Path Type: max

Fanout         Cap        Slew       Delay        Time   Description
---------------------------------------------------------------------------------------------
                      0.000000    0.000000    0.000000   clock __VIRTUAL_CLK__ (rise edge)
                                  0.000000    0.000000   clock network delay (ideal)
                                 20.000000   20.000000 ^ input external delay
     7    0.022923    0.110568    0.074602   20.074602 ^ i4 (in)
                                                         i4 (net)
                      0.110568    0.000000   20.074602 ^ _63_/C (sky130_fd_sc_hd__and4_2)
     1    0.033442    0.194289    0.356584   20.431187 ^ _63_/X (sky130_fd_sc_hd__and4_2)
                                                         o7 (net)
                      0.194289    0.000000   20.431187 ^ o7 (out)
                                             20.431187   data arrival time

                      0.000000  100.000000  100.000000   clock __VIRTUAL_CLK__ (rise edge)
                                  0.000000  100.000000   clock network delay (ideal)
                                 -0.250000   99.750000   clock uncertainty
                                  0.000000   99.750000   clock reconvergence pessimism
                                -20.000000   79.750000   output external delay
                                             79.750000   data required time
---------------------------------------------------------------------------------------------
                                             79.750000   data required time
                                            -20.431187   data arrival time
---------------------------------------------------------------------------------------------
                                             59.318810   slack (MET)



