
===========================================================================
report_checks -path_delay min (Hold)
============================================================================
======================= min_tt_025C_1v80 Corner ===================================

Startpoint: i9 (input port clocked by __VIRTUAL_CLK__)
Endpoint: o6 (output port clocked by __VIRTUAL_CLK__)
Path Group: __VIRTUAL_CLK__
Path Type: min

Fanout         Cap        Slew       Delay        Time   Description
---------------------------------------------------------------------------------------------
                      0.000000    0.000000    0.000000   clock __VIRTUAL_CLK__ (rise edge)
                                  0.000000    0.000000   clock network delay (ideal)
                                 20.000000   20.000000 ^ input external delay
     1    0.002813    0.019790    0.010344   20.010344 ^ i9 (in)
                                                         i9 (net)
                      0.019790    0.000000   20.010344 ^ input10/A (sky130_fd_sc_hd__buf_1)
     4    0.009349    0.117245    0.123917   20.134260 ^ input10/X (sky130_fd_sc_hd__buf_1)
                                                         net10 (net)
                      0.117245    0.000087   20.134348 ^ _62_/A1 (sky130_fd_sc_hd__o21ai_1)
     1    0.002243    0.027020    0.078636   20.212984 v _62_/Y (sky130_fd_sc_hd__o21ai_1)
                                                         net17 (net)
                      0.027020    0.000021   20.213005 v output17/A (sky130_fd_sc_hd__buf_2)
     1    0.033903    0.088634    0.172067   20.385073 v output17/X (sky130_fd_sc_hd__buf_2)
                                                         o6 (net)
                      0.088634    0.000165   20.385237 v o6 (out)
                                             20.385237   data arrival time

                      0.000000    0.000000    0.000000   clock __VIRTUAL_CLK__ (rise edge)
                                  0.000000    0.000000   clock network delay (ideal)
                                  0.250000    0.250000   clock uncertainty
                                  0.000000    0.250000   clock reconvergence pessimism
                                -20.000000  -19.750002   output external delay
                                            -19.750002   data required time
---------------------------------------------------------------------------------------------
                                            -19.750002   data required time
                                            -20.385237   data arrival time
---------------------------------------------------------------------------------------------
                                             40.135239   slack (MET)


Startpoint: i9 (input port clocked by __VIRTUAL_CLK__)
Endpoint: o4 (output port clocked by __VIRTUAL_CLK__)
Path Group: __VIRTUAL_CLK__
Path Type: min

Fanout         Cap        Slew       Delay        Time   Description
---------------------------------------------------------------------------------------------
                      0.000000    0.000000    0.000000   clock __VIRTUAL_CLK__ (rise edge)
                                  0.000000    0.000000   clock network delay (ideal)
                                 20.000000   20.000000 ^ input external delay
     1    0.002813    0.019790    0.010344   20.010344 ^ i9 (in)
                                                         i9 (net)
                      0.019790    0.000000   20.010344 ^ input10/A (sky130_fd_sc_hd__buf_1)
     4    0.009349    0.117245    0.123917   20.134260 ^ input10/X (sky130_fd_sc_hd__buf_1)
                                                         net10 (net)
                      0.117245    0.000057   20.134317 ^ _58_/A (sky130_fd_sc_hd__or2_1)
     1    0.002159    0.034188    0.110246   20.244564 ^ _58_/X (sky130_fd_sc_hd__or2_1)
                                                         net15 (net)
                      0.034188    0.000020   20.244583 ^ output15/A (sky130_fd_sc_hd__buf_2)
     1    0.034303    0.170299    0.194209   20.438793 ^ output15/X (sky130_fd_sc_hd__buf_2)
                                                         o4 (net)
                      0.170299    0.000279   20.439072 ^ o4 (out)
                                             20.439072   data arrival time

                      0.000000    0.000000    0.000000   clock __VIRTUAL_CLK__ (rise edge)
                                  0.000000    0.000000   clock network delay (ideal)
                                  0.250000    0.250000   clock uncertainty
                                  0.000000    0.250000   clock reconvergence pessimism
                                -20.000000  -19.750002   output external delay
                                            -19.750002   data required time
---------------------------------------------------------------------------------------------
                                            -19.750002   data required time
                                            -20.439072   data arrival time
---------------------------------------------------------------------------------------------
                                             40.189072   slack (MET)


Startpoint: i2 (input port clocked by __VIRTUAL_CLK__)
Endpoint: o7 (output port clocked by __VIRTUAL_CLK__)
Path Group: __VIRTUAL_CLK__
Path Type: min

Fanout         Cap        Slew       Delay        Time   Description
---------------------------------------------------------------------------------------------
                      0.000000    0.000000    0.000000   clock __VIRTUAL_CLK__ (rise edge)
                                  0.000000    0.000000   clock network delay (ideal)
                                 20.000000   20.000000 v input external delay
     1    0.003042    0.009192    0.004823   20.004824 v i2 (in)
                                                         i2 (net)
                      0.009192    0.000000   20.004824 v input3/A (sky130_fd_sc_hd__clkbuf_2)
     8    0.020756    0.084492    0.136131   20.140955 v input3/X (sky130_fd_sc_hd__clkbuf_2)
                                                         net3 (net)
                      0.084492    0.000197   20.141151 v _63_/A (sky130_fd_sc_hd__and4_1)
     1    0.001920    0.029395    0.154616   20.295767 v _63_/X (sky130_fd_sc_hd__and4_1)
                                                         net18 (net)
                      0.029395    0.000016   20.295784 v output18/A (sky130_fd_sc_hd__buf_2)
     1    0.033959    0.088745    0.173181   20.468964 v output18/X (sky130_fd_sc_hd__buf_2)
                                                         o7 (net)
                      0.088745    0.000183   20.469147 v o7 (out)
                                             20.469147   data arrival time

                      0.000000    0.000000    0.000000   clock __VIRTUAL_CLK__ (rise edge)
                                  0.000000    0.000000   clock network delay (ideal)
                                  0.250000    0.250000   clock uncertainty
                                  0.000000    0.250000   clock reconvergence pessimism
                                -20.000000  -19.750002   output external delay
                                            -19.750002   data required time
---------------------------------------------------------------------------------------------
                                            -19.750002   data required time
                                            -20.469147   data arrival time
---------------------------------------------------------------------------------------------
                                             40.219151   slack (MET)


Startpoint: i1 (input port clocked by __VIRTUAL_CLK__)
Endpoint: o2 (output port clocked by __VIRTUAL_CLK__)
Path Group: __VIRTUAL_CLK__
Path Type: min

Fanout         Cap        Slew       Delay        Time   Description
---------------------------------------------------------------------------------------------
                      0.000000    0.000000    0.000000   clock __VIRTUAL_CLK__ (rise edge)
                                  0.000000    0.000000   clock network delay (ideal)
                                 20.000000   20.000000 ^ input external delay
     1    0.002909    0.020201    0.010681   20.010681 ^ i1 (in)
                                                         i1 (net)
                      0.020201    0.000000   20.010681 ^ input2/A (sky130_fd_sc_hd__clkbuf_2)
     8    0.025277    0.141930    0.165583   20.176266 ^ input2/X (sky130_fd_sc_hd__clkbuf_2)
                                                         net2 (net)
                      0.141930    0.000297   20.176561 ^ _46_/A1 (sky130_fd_sc_hd__o31a_1)
     1    0.002009    0.037625    0.143944   20.320505 ^ _46_/X (sky130_fd_sc_hd__o31a_1)
                                                         net13 (net)
                      0.037625    0.000016   20.320520 ^ output13/A (sky130_fd_sc_hd__buf_2)
     1    0.034118    0.169416    0.194943   20.515463 ^ output13/X (sky130_fd_sc_hd__buf_2)
                                                         o2 (net)
                      0.169416    0.000233   20.515696 ^ o2 (out)
                                             20.515696   data arrival time

                      0.000000    0.000000    0.000000   clock __VIRTUAL_CLK__ (rise edge)
                                  0.000000    0.000000   clock network delay (ideal)
                                  0.250000    0.250000   clock uncertainty
                                  0.000000    0.250000   clock reconvergence pessimism
                                -20.000000  -19.750002   output external delay
                                            -19.750002   data required time
---------------------------------------------------------------------------------------------
                                            -19.750002   data required time
                                            -20.515696   data arrival time
---------------------------------------------------------------------------------------------
                                             40.265697   slack (MET)


Startpoint: i1 (input port clocked by __VIRTUAL_CLK__)
Endpoint: o1 (output port clocked by __VIRTUAL_CLK__)
Path Group: __VIRTUAL_CLK__
Path Type: min

Fanout         Cap        Slew       Delay        Time   Description
---------------------------------------------------------------------------------------------
                      0.000000    0.000000    0.000000   clock __VIRTUAL_CLK__ (rise edge)
                                  0.000000    0.000000   clock network delay (ideal)
                                 20.000000   20.000000 ^ input external delay
     1    0.002909    0.020201    0.010681   20.010681 ^ i1 (in)
                                                         i1 (net)
                      0.020201    0.000000   20.010681 ^ input2/A (sky130_fd_sc_hd__clkbuf_2)
     8    0.025277    0.141930    0.165583   20.176266 ^ input2/X (sky130_fd_sc_hd__clkbuf_2)
                                                         net2 (net)
                      0.141930    0.000121   20.176386 ^ _37_/A1 (sky130_fd_sc_hd__o31a_1)
     1    0.002167    0.039034    0.145247   20.321632 ^ _37_/X (sky130_fd_sc_hd__o31a_1)
                                                         net12 (net)
                      0.039034    0.000020   20.321653 ^ output12/A (sky130_fd_sc_hd__buf_2)
     1    0.034283    0.170199    0.195941   20.517593 ^ output12/X (sky130_fd_sc_hd__buf_2)
                                                         o1 (net)
                      0.170199    0.000364   20.517958 ^ o1 (out)
                                             20.517958   data arrival time

                      0.000000    0.000000    0.000000   clock __VIRTUAL_CLK__ (rise edge)
                                  0.000000    0.000000   clock network delay (ideal)
                                  0.250000    0.250000   clock uncertainty
                                  0.000000    0.250000   clock reconvergence pessimism
                                -20.000000  -19.750002   output external delay
                                            -19.750002   data required time
---------------------------------------------------------------------------------------------
                                            -19.750002   data required time
                                            -20.517958   data arrival time
---------------------------------------------------------------------------------------------
                                             40.267956   slack (MET)


Startpoint: i9 (input port clocked by __VIRTUAL_CLK__)
Endpoint: o3 (output port clocked by __VIRTUAL_CLK__)
Path Group: __VIRTUAL_CLK__
Path Type: min

Fanout         Cap        Slew       Delay        Time   Description
---------------------------------------------------------------------------------------------
                      0.000000    0.000000    0.000000   clock __VIRTUAL_CLK__ (rise edge)
                                  0.000000    0.000000   clock network delay (ideal)
                                 20.000000   20.000000 ^ input external delay
     1    0.002813    0.019790    0.010344   20.010344 ^ i9 (in)
                                                         i9 (net)
                      0.019790    0.000000   20.010344 ^ input10/A (sky130_fd_sc_hd__buf_1)
     4    0.009349    0.117245    0.123917   20.134260 ^ input10/X (sky130_fd_sc_hd__buf_1)
                                                         net10 (net)
                      0.117245    0.000083   20.134344 ^ _50_/B (sky130_fd_sc_hd__or3b_1)
     2    0.006712    0.070876    0.144391   20.278736 ^ _50_/X (sky130_fd_sc_hd__or3b_1)
                                                         _19_ (net)
                      0.070876    0.000046   20.278782 ^ _55_/B1 (sky130_fd_sc_hd__o22ai_1)
     1    0.002452    0.039274    0.073955   20.352737 v _55_/Y (sky130_fd_sc_hd__o22ai_1)
                                                         net14 (net)
                      0.039274    0.000018   20.352755 v output14/A (sky130_fd_sc_hd__buf_2)
     1    0.033986    0.088734    0.177488   20.530243 v output14/X (sky130_fd_sc_hd__buf_2)
                                                         o3 (net)
                      0.088734    0.000183   20.530426 v o3 (out)
                                             20.530426   data arrival time

                      0.000000    0.000000    0.000000   clock __VIRTUAL_CLK__ (rise edge)
                                  0.000000    0.000000   clock network delay (ideal)
                                  0.250000    0.250000   clock uncertainty
                                  0.000000    0.250000   clock reconvergence pessimism
                                -20.000000  -19.750002   output external delay
                                            -19.750002   data required time
---------------------------------------------------------------------------------------------
                                            -19.750002   data required time
                                            -20.530426   data arrival time
---------------------------------------------------------------------------------------------
                                             40.280426   slack (MET)


Startpoint: i4 (input port clocked by __VIRTUAL_CLK__)
Endpoint: o5 (output port clocked by __VIRTUAL_CLK__)
Path Group: __VIRTUAL_CLK__
Path Type: min

Fanout         Cap        Slew       Delay        Time   Description
---------------------------------------------------------------------------------------------
                      0.000000    0.000000    0.000000   clock __VIRTUAL_CLK__ (rise edge)
                                  0.000000    0.000000   clock network delay (ideal)
                                 20.000000   20.000000 v input external delay
     1    0.002534    0.008018    0.003967   20.003967 v i4 (in)
                                                         i4 (net)
                      0.008018    0.000000   20.003967 v input5/A (sky130_fd_sc_hd__clkbuf_2)
     7    0.021725    0.087939    0.138243   20.142210 v input5/X (sky130_fd_sc_hd__clkbuf_2)
                                                         net5 (net)
                      0.087940    0.000421   20.142632 v _28_/A (sky130_fd_sc_hd__inv_2)
     1    0.003111    0.032016    0.056204   20.198835 ^ _28_/Y (sky130_fd_sc_hd__inv_2)
                                                         _00_ (net)
                      0.032016    0.000032   20.198868 ^ _60_/A1 (sky130_fd_sc_hd__o32a_1)
     1    0.002283    0.041478    0.134614   20.333481 ^ _60_/X (sky130_fd_sc_hd__o32a_1)
                                                         net16 (net)
                      0.041478    0.000021   20.333502 ^ output16/A (sky130_fd_sc_hd__buf_2)
     1    0.034432    0.170892    0.197351   20.530853 ^ output16/X (sky130_fd_sc_hd__buf_2)
                                                         o5 (net)
                      0.170892    0.000393   20.531246 ^ o5 (out)
                                             20.531246   data arrival time

                      0.000000    0.000000    0.000000   clock __VIRTUAL_CLK__ (rise edge)
                                  0.000000    0.000000   clock network delay (ideal)
                                  0.250000    0.250000   clock uncertainty
                                  0.000000    0.250000   clock reconvergence pessimism
                                -20.000000  -19.750002   output external delay
                                            -19.750002   data required time
---------------------------------------------------------------------------------------------
                                            -19.750002   data required time
                                            -20.531246   data arrival time
---------------------------------------------------------------------------------------------
                                             40.281246   slack (MET)


Startpoint: i0 (input port clocked by __VIRTUAL_CLK__)
Endpoint: o0 (output port clocked by __VIRTUAL_CLK__)
Path Group: __VIRTUAL_CLK__
Path Type: min

Fanout         Cap        Slew       Delay        Time   Description
---------------------------------------------------------------------------------------------
                      0.000000    0.000000    0.000000   clock __VIRTUAL_CLK__ (rise edge)
                                  0.000000    0.000000   clock network delay (ideal)
                                 20.000000   20.000000 ^ input external delay
     1    0.003311    0.021943    0.012090   20.012091 ^ i0 (in)
                                                         i0 (net)
                      0.021943    0.000000   20.012091 ^ input1/A (sky130_fd_sc_hd__clkbuf_2)
     7    0.020809    0.118740    0.149933   20.162024 ^ input1/X (sky130_fd_sc_hd__clkbuf_2)
                                                         net1 (net)
                      0.118740    0.000117   20.162142 ^ _30_/B (sky130_fd_sc_hd__and2b_1)
     1    0.004963    0.058782    0.147145   20.309286 ^ _30_/X (sky130_fd_sc_hd__and2b_1)
                                                         _02_ (net)
                      0.058782    0.000023   20.309309 ^ _31_/B (sky130_fd_sc_hd__xnor2_1)
     1    0.002202    0.029689    0.055696   20.365004 v _31_/Y (sky130_fd_sc_hd__xnor2_1)
                                                         net11 (net)
                      0.029689    0.000021   20.365026 v output11/A (sky130_fd_sc_hd__buf_2)
     1    0.034005    0.088842    0.173394   20.538420 v output11/X (sky130_fd_sc_hd__buf_2)
                                                         o0 (net)
                      0.088842    0.000183   20.538603 v o0 (out)
                                             20.538603   data arrival time

                      0.000000    0.000000    0.000000   clock __VIRTUAL_CLK__ (rise edge)
                                  0.000000    0.000000   clock network delay (ideal)
                                  0.250000    0.250000   clock uncertainty
                                  0.000000    0.250000   clock reconvergence pessimism
                                -20.000000  -19.750002   output external delay
                                            -19.750002   data required time
---------------------------------------------------------------------------------------------
                                            -19.750002   data required time
                                            -20.538603   data arrival time
---------------------------------------------------------------------------------------------
                                             40.288605   slack (MET)



