
===========================================================================
 report_power
============================================================================
======================= min_tt_025C_1v80 Corner ===================================

Group                    Internal    Switching      Leakage        Total
                            Power        Power        Power        Power (Watts)
------------------------------------------------------------------------
Sequential           0.000000e+00 0.000000e+00 0.000000e+00 0.000000e+00   0.0%
Combinational        8.147624e-07 1.270007e-06 1.779342e-10 2.084948e-06 100.0%
Clock                0.000000e+00 0.000000e+00 1.134015e-10 1.134015e-10   0.0%
Macro                0.000000e+00 0.000000e+00 0.000000e+00 0.000000e+00   0.0%
Pad                  0.000000e+00 0.000000e+00 0.000000e+00 0.000000e+00   0.0%
------------------------------------------------------------------------
Total                8.147624e-07 1.270007e-06 2.913357e-10 2.085061e-06 100.0%
                            39.1%        60.9%         0.0%

