
===========================================================================
report_checks -path_delay min (Hold)
============================================================================
======================= nom_tt_025C_1v80 Corner ===================================

Startpoint: i9 (input port clocked by __VIRTUAL_CLK__)
Endpoint: o6 (output port clocked by __VIRTUAL_CLK__)
Path Group: __VIRTUAL_CLK__
Path Type: min

Fanout         Cap        Slew       Delay        Time   Description
---------------------------------------------------------------------------------------------
                      0.000000    0.000000    0.000000   clock __VIRTUAL_CLK__ (rise edge)
                                  0.000000    0.000000   clock network delay (ideal)
                                 20.000000   20.000000 ^ input external delay
     1    0.002839    0.019900    0.010429   20.010429 ^ i9 (in)
                                                         i9 (net)
                      0.019900    0.000000   20.010429 ^ input10/A (sky130_fd_sc_hd__buf_1)
     4    0.008601    0.111664    0.118128   20.128557 ^ input10/X (sky130_fd_sc_hd__buf_1)
                                                         net10 (net)
                      0.111664    0.000023   20.128580 ^ _62_/A1 (sky130_fd_sc_hd__o21ai_1)
     1    0.002019    0.026550    0.075607   20.204187 v _62_/Y (sky130_fd_sc_hd__o21ai_1)
                                                         net17 (net)
                      0.026550    0.000004   20.204191 v output17/A (sky130_fd_sc_hd__buf_2)
     1    0.034009    0.088826    0.172127   20.376318 v output17/X (sky130_fd_sc_hd__buf_2)
                                                         o6 (net)
                      0.088826    0.000087   20.376406 v o6 (out)
                                             20.376406   data arrival time

                      0.000000    0.000000    0.000000   clock __VIRTUAL_CLK__ (rise edge)
                                  0.000000    0.000000   clock network delay (ideal)
                                  0.250000    0.250000   clock uncertainty
                                  0.000000    0.250000   clock reconvergence pessimism
                                -20.000000  -19.750002   output external delay
                                            -19.750002   data required time
---------------------------------------------------------------------------------------------
                                            -19.750002   data required time
                                            -20.376406   data arrival time
---------------------------------------------------------------------------------------------
                                             40.126408   slack (MET)


Startpoint: i9 (input port clocked by __VIRTUAL_CLK__)
Endpoint: o4 (output port clocked by __VIRTUAL_CLK__)
Path Group: __VIRTUAL_CLK__
Path Type: min

Fanout         Cap        Slew       Delay        Time   Description
---------------------------------------------------------------------------------------------
                      0.000000    0.000000    0.000000   clock __VIRTUAL_CLK__ (rise edge)
                                  0.000000    0.000000   clock network delay (ideal)
                                 20.000000   20.000000 ^ input external delay
     1    0.002839    0.019900    0.010429   20.010429 ^ i9 (in)
                                                         i9 (net)
                      0.019900    0.000000   20.010429 ^ input10/A (sky130_fd_sc_hd__buf_1)
     4    0.008601    0.111664    0.118128   20.128557 ^ input10/X (sky130_fd_sc_hd__buf_1)
                                                         net10 (net)
                      0.111664    0.000012   20.128571 ^ _58_/A (sky130_fd_sc_hd__or2_1)
     1    0.002065    0.034422    0.107715   20.236284 ^ _58_/X (sky130_fd_sc_hd__or2_1)
                                                         net15 (net)
                      0.034422    0.000004   20.236288 ^ output15/A (sky130_fd_sc_hd__buf_2)
     1    0.034218    0.169880    0.194118   20.430407 ^ output15/X (sky130_fd_sc_hd__buf_2)
                                                         o4 (net)
                      0.169880    0.000135   20.430542 ^ o4 (out)
                                             20.430542   data arrival time

                      0.000000    0.000000    0.000000   clock __VIRTUAL_CLK__ (rise edge)
                                  0.000000    0.000000   clock network delay (ideal)
                                  0.250000    0.250000   clock uncertainty
                                  0.000000    0.250000   clock reconvergence pessimism
                                -20.000000  -19.750002   output external delay
                                            -19.750002   data required time
---------------------------------------------------------------------------------------------
                                            -19.750002   data required time
                                            -20.430542   data arrival time
---------------------------------------------------------------------------------------------
                                             40.180542   slack (MET)


Startpoint: i2 (input port clocked by __VIRTUAL_CLK__)
Endpoint: o7 (output port clocked by __VIRTUAL_CLK__)
Path Group: __VIRTUAL_CLK__
Path Type: min

Fanout         Cap        Slew       Delay        Time   Description
---------------------------------------------------------------------------------------------
                      0.000000    0.000000    0.000000   clock __VIRTUAL_CLK__ (rise edge)
                                  0.000000    0.000000   clock network delay (ideal)
                                 20.000000   20.000000 v input external delay
     1    0.002965    0.009014    0.004690   20.004690 v i2 (in)
                                                         i2 (net)
                      0.009014    0.000000   20.004690 v input3/A (sky130_fd_sc_hd__clkbuf_2)
     8    0.018153    0.075249    0.129024   20.133715 v input3/X (sky130_fd_sc_hd__clkbuf_2)
                                                         net3 (net)
                      0.075249    0.000034   20.133747 v _63_/A (sky130_fd_sc_hd__and4_1)
     1    0.001893    0.030054    0.150324   20.284071 v _63_/X (sky130_fd_sc_hd__and4_1)
                                                         net18 (net)
                      0.030054    0.000004   20.284075 v output18/A (sky130_fd_sc_hd__buf_2)
     1    0.033940    0.088645    0.173520   20.457596 v output18/X (sky130_fd_sc_hd__buf_2)
                                                         o7 (net)
                      0.088645    0.000071   20.457666 v o7 (out)
                                             20.457666   data arrival time

                      0.000000    0.000000    0.000000   clock __VIRTUAL_CLK__ (rise edge)
                                  0.000000    0.000000   clock network delay (ideal)
                                  0.250000    0.250000   clock uncertainty
                                  0.000000    0.250000   clock reconvergence pessimism
                                -20.000000  -19.750002   output external delay
                                            -19.750002   data required time
---------------------------------------------------------------------------------------------
                                            -19.750002   data required time
                                            -20.457666   data arrival time
---------------------------------------------------------------------------------------------
                                             40.207668   slack (MET)


Startpoint: i1 (input port clocked by __VIRTUAL_CLK__)
Endpoint: o2 (output port clocked by __VIRTUAL_CLK__)
Path Group: __VIRTUAL_CLK__
Path Type: min

Fanout         Cap        Slew       Delay        Time   Description
---------------------------------------------------------------------------------------------
                      0.000000    0.000000    0.000000   clock __VIRTUAL_CLK__ (rise edge)
                                  0.000000    0.000000   clock network delay (ideal)
                                 20.000000   20.000000 ^ input external delay
     1    0.002872    0.020043    0.010544   20.010546 ^ i1 (in)
                                                         i1 (net)
                      0.020043    0.000000   20.010546 ^ input2/A (sky130_fd_sc_hd__clkbuf_2)
     8    0.020855    0.118946    0.149649   20.160194 ^ input2/X (sky130_fd_sc_hd__clkbuf_2)
                                                         net2 (net)
                      0.118946    0.000098   20.160292 ^ _46_/A1 (sky130_fd_sc_hd__o31a_1)
     1    0.002040    0.038949    0.139007   20.299299 ^ _46_/X (sky130_fd_sc_hd__o31a_1)
                                                         net13 (net)
                      0.038949    0.000004   20.299303 ^ output13/A (sky130_fd_sc_hd__buf_2)
     1    0.034110    0.169364    0.195511   20.494814 ^ output13/X (sky130_fd_sc_hd__buf_2)
                                                         o2 (net)
                      0.169364    0.000110   20.494925 ^ o2 (out)
                                             20.494925   data arrival time

                      0.000000    0.000000    0.000000   clock __VIRTUAL_CLK__ (rise edge)
                                  0.000000    0.000000   clock network delay (ideal)
                                  0.250000    0.250000   clock uncertainty
                                  0.000000    0.250000   clock reconvergence pessimism
                                -20.000000  -19.750002   output external delay
                                            -19.750002   data required time
---------------------------------------------------------------------------------------------
                                            -19.750002   data required time
                                            -20.494925   data arrival time
---------------------------------------------------------------------------------------------
                                             40.244926   slack (MET)


Startpoint: i1 (input port clocked by __VIRTUAL_CLK__)
Endpoint: o1 (output port clocked by __VIRTUAL_CLK__)
Path Group: __VIRTUAL_CLK__
Path Type: min

Fanout         Cap        Slew       Delay        Time   Description
---------------------------------------------------------------------------------------------
                      0.000000    0.000000    0.000000   clock __VIRTUAL_CLK__ (rise edge)
                                  0.000000    0.000000   clock network delay (ideal)
                                 20.000000   20.000000 ^ input external delay
     1    0.002872    0.020043    0.010544   20.010546 ^ i1 (in)
                                                         i1 (net)
                      0.020043    0.000000   20.010546 ^ input2/A (sky130_fd_sc_hd__clkbuf_2)
     8    0.020855    0.118946    0.149649   20.160194 ^ input2/X (sky130_fd_sc_hd__clkbuf_2)
                                                         net2 (net)
                      0.118946    0.000023   20.160217 ^ _37_/A1 (sky130_fd_sc_hd__o31a_1)
     1    0.002149    0.040017    0.139906   20.300123 ^ _37_/X (sky130_fd_sc_hd__o31a_1)
                                                         net12 (net)
                      0.040017    0.000004   20.300127 ^ output12/A (sky130_fd_sc_hd__buf_2)
     1    0.034344    0.170462    0.196637   20.496763 ^ output12/X (sky130_fd_sc_hd__buf_2)
                                                         o1 (net)
                      0.170462    0.000197   20.496962 ^ o1 (out)
                                             20.496962   data arrival time

                      0.000000    0.000000    0.000000   clock __VIRTUAL_CLK__ (rise edge)
                                  0.000000    0.000000   clock network delay (ideal)
                                  0.250000    0.250000   clock uncertainty
                                  0.000000    0.250000   clock reconvergence pessimism
                                -20.000000  -19.750002   output external delay
                                            -19.750002   data required time
---------------------------------------------------------------------------------------------
                                            -19.750002   data required time
                                            -20.496962   data arrival time
---------------------------------------------------------------------------------------------
                                             40.246960   slack (MET)


Startpoint: i9 (input port clocked by __VIRTUAL_CLK__)
Endpoint: o3 (output port clocked by __VIRTUAL_CLK__)
Path Group: __VIRTUAL_CLK__
Path Type: min

Fanout         Cap        Slew       Delay        Time   Description
---------------------------------------------------------------------------------------------
                      0.000000    0.000000    0.000000   clock __VIRTUAL_CLK__ (rise edge)
                                  0.000000    0.000000   clock network delay (ideal)
                                 20.000000   20.000000 ^ input external delay
     1    0.002839    0.019900    0.010429   20.010429 ^ i9 (in)
                                                         i9 (net)
                      0.019900    0.000000   20.010429 ^ input10/A (sky130_fd_sc_hd__buf_1)
     4    0.008601    0.111664    0.118128   20.128557 ^ input10/X (sky130_fd_sc_hd__buf_1)
                                                         net10 (net)
                      0.111664    0.000018   20.128574 ^ _50_/B (sky130_fd_sc_hd__or3b_1)
     2    0.005766    0.064826    0.136415   20.264990 ^ _50_/X (sky130_fd_sc_hd__or3b_1)
                                                         _19_ (net)
                      0.064826    0.000005   20.264996 ^ _55_/B1 (sky130_fd_sc_hd__o22ai_1)
     1    0.002145    0.037963    0.069932   20.334927 v _55_/Y (sky130_fd_sc_hd__o22ai_1)
                                                         net14 (net)
                      0.037963    0.000004   20.334930 v output14/A (sky130_fd_sc_hd__buf_2)
     1    0.034045    0.088824    0.177103   20.512033 v output14/X (sky130_fd_sc_hd__buf_2)
                                                         o3 (net)
                      0.088824    0.000096   20.512129 v o3 (out)
                                             20.512129   data arrival time

                      0.000000    0.000000    0.000000   clock __VIRTUAL_CLK__ (rise edge)
                                  0.000000    0.000000   clock network delay (ideal)
                                  0.250000    0.250000   clock uncertainty
                                  0.000000    0.250000   clock reconvergence pessimism
                                -20.000000  -19.750002   output external delay
                                            -19.750002   data required time
---------------------------------------------------------------------------------------------
                                            -19.750002   data required time
                                            -20.512129   data arrival time
---------------------------------------------------------------------------------------------
                                             40.262131   slack (MET)


Startpoint: i4 (input port clocked by __VIRTUAL_CLK__)
Endpoint: o5 (output port clocked by __VIRTUAL_CLK__)
Path Group: __VIRTUAL_CLK__
Path Type: min

Fanout         Cap        Slew       Delay        Time   Description
---------------------------------------------------------------------------------------------
                      0.000000    0.000000    0.000000   clock __VIRTUAL_CLK__ (rise edge)
                                  0.000000    0.000000   clock network delay (ideal)
                                 20.000000   20.000000 v input external delay
     1    0.002543    0.008040    0.003979   20.003979 v i4 (in)
                                                         i4 (net)
                      0.008040    0.000000   20.003979 v input5/A (sky130_fd_sc_hd__clkbuf_2)
     7    0.019700    0.080720    0.132843   20.136822 v input5/X (sky130_fd_sc_hd__clkbuf_2)
                                                         net5 (net)
                      0.080720    0.000133   20.136955 v _28_/A (sky130_fd_sc_hd__inv_2)
     1    0.002917    0.030918    0.052951   20.189907 ^ _28_/Y (sky130_fd_sc_hd__inv_2)
                                                         _00_ (net)
                      0.030918    0.000007   20.189915 ^ _60_/A1 (sky130_fd_sc_hd__o32a_1)
     1    0.002229    0.042292    0.133813   20.323727 ^ _60_/X (sky130_fd_sc_hd__o32a_1)
                                                         net16 (net)
                      0.042292    0.000005   20.323732 ^ output16/A (sky130_fd_sc_hd__buf_2)
     1    0.034462    0.171013    0.197883   20.521616 ^ output16/X (sky130_fd_sc_hd__buf_2)
                                                         o5 (net)
                      0.171013    0.000226   20.521841 ^ o5 (out)
                                             20.521841   data arrival time

                      0.000000    0.000000    0.000000   clock __VIRTUAL_CLK__ (rise edge)
                                  0.000000    0.000000   clock network delay (ideal)
                                  0.250000    0.250000   clock uncertainty
                                  0.000000    0.250000   clock reconvergence pessimism
                                -20.000000  -19.750002   output external delay
                                            -19.750002   data required time
---------------------------------------------------------------------------------------------
                                            -19.750002   data required time
                                            -20.521841   data arrival time
---------------------------------------------------------------------------------------------
                                             40.271843   slack (MET)


Startpoint: i0 (input port clocked by __VIRTUAL_CLK__)
Endpoint: o0 (output port clocked by __VIRTUAL_CLK__)
Path Group: __VIRTUAL_CLK__
Path Type: min

Fanout         Cap        Slew       Delay        Time   Description
---------------------------------------------------------------------------------------------
                      0.000000    0.000000    0.000000   clock __VIRTUAL_CLK__ (rise edge)
                                  0.000000    0.000000   clock network delay (ideal)
                                 20.000000   20.000000 ^ input external delay
     1    0.003298    0.021884    0.012037   20.012037 ^ i0 (in)
                                                         i0 (net)
                      0.021884    0.000000   20.012037 ^ input1/A (sky130_fd_sc_hd__clkbuf_2)
     7    0.018096    0.104636    0.140313   20.152349 ^ input1/X (sky130_fd_sc_hd__clkbuf_2)
                                                         net1 (net)
                      0.104636    0.000023   20.152372 ^ _30_/B (sky130_fd_sc_hd__and2b_1)
     1    0.004834    0.059784    0.142563   20.294935 ^ _30_/X (sky130_fd_sc_hd__and2b_1)
                                                         _02_ (net)
                      0.059784    0.000004   20.294939 ^ _31_/B (sky130_fd_sc_hd__xnor2_1)
     1    0.001993    0.029239    0.054701   20.349640 v _31_/Y (sky130_fd_sc_hd__xnor2_1)
                                                         net11 (net)
                      0.029239    0.000004   20.349644 v output11/A (sky130_fd_sc_hd__buf_2)
     1    0.034061    0.088924    0.173372   20.523016 v output11/X (sky130_fd_sc_hd__buf_2)
                                                         o0 (net)
                      0.088924    0.000099   20.523117 v o0 (out)
                                             20.523117   data arrival time

                      0.000000    0.000000    0.000000   clock __VIRTUAL_CLK__ (rise edge)
                                  0.000000    0.000000   clock network delay (ideal)
                                  0.250000    0.250000   clock uncertainty
                                  0.000000    0.250000   clock reconvergence pessimism
                                -20.000000  -19.750002   output external delay
                                            -19.750002   data required time
---------------------------------------------------------------------------------------------
                                            -19.750002   data required time
                                            -20.523117   data arrival time
---------------------------------------------------------------------------------------------
                                             40.273117   slack (MET)



