
===========================================================================
report_checks -unconstrained
===========================================================================
======================= max_ss_100C_1v60 Corner ===================================

Startpoint: i6 (input port clocked by __VIRTUAL_CLK__)
Endpoint: o3 (output port clocked by __VIRTUAL_CLK__)
Path Group: __VIRTUAL_CLK__
Path Type: max

Fanout         Cap        Slew       Delay        Time   Description
---------------------------------------------------------------------------------------------
                      0.000000    0.000000    0.000000   clock __VIRTUAL_CLK__ (rise edge)
                                  0.000000    0.000000   clock network delay (ideal)
                                 20.000000   20.000000 ^ input external delay
     1    0.002389    0.029540    0.013662   20.013662 ^ i6 (in)
                                                         i6 (net)
                      0.029540    0.000000   20.013662 ^ input7/A (sky130_fd_sc_hd__dlymetal6s2s_1)
     6    0.020534    0.335689    0.333765   20.347427 ^ input7/X (sky130_fd_sc_hd__dlymetal6s2s_1)
                                                         net7 (net)
                      0.335698    0.001446   20.348873 ^ _29_/A_N (sky130_fd_sc_hd__and2b_1)
     2    0.006717    0.097250    0.489189   20.838062 v _29_/X (sky130_fd_sc_hd__and2b_1)
                                                         _01_ (net)
                      0.097250    0.000243   20.838306 v _48_/A (sky130_fd_sc_hd__or4bb_1)
     1    0.002767    0.168769    1.148912   21.987219 v _48_/X (sky130_fd_sc_hd__or4bb_1)
                                                         _17_ (net)
                      0.168769    0.000130   21.987349 v _49_/B1 (sky130_fd_sc_hd__o41a_1)
     1    0.003306    0.116847    0.249406   22.236753 v _49_/X (sky130_fd_sc_hd__o41a_1)
                                                         _18_ (net)
                      0.116847    0.000217   22.236971 v _55_/A2 (sky130_fd_sc_hd__o22ai_1)
     1    0.002694    0.205758    0.255207   22.492178 ^ _55_/Y (sky130_fd_sc_hd__o22ai_1)
                                                         net14 (net)
                      0.205758    0.000112   22.492290 ^ output14/A (sky130_fd_sc_hd__buf_2)
     1    0.034069    0.271114    0.405350   22.897640 ^ output14/X (sky130_fd_sc_hd__buf_2)
                                                         o3 (net)
                      0.271120    0.001618   22.899258 ^ o3 (out)
                                             22.899258   data arrival time

                      0.000000  100.000000  100.000000   clock __VIRTUAL_CLK__ (rise edge)
                                  0.000000  100.000000   clock network delay (ideal)
                                 -0.250000   99.750000   clock uncertainty
                                  0.000000   99.750000   clock reconvergence pessimism
                                -20.000000   79.750000   output external delay
                                             79.750000   data required time
---------------------------------------------------------------------------------------------
                                             79.750000   data required time
                                            -22.899258   data arrival time
---------------------------------------------------------------------------------------------
                                             56.850739   slack (MET)




===========================================================================
report_checks --slack_max -0.01
============================================================================
======================= max_ss_100C_1v60 Corner ===================================

No paths found.


===========================================================================
 report_check_types -max_slew -max_cap -max_fanout -violators
============================================================================
======================= max_ss_100C_1v60 Corner ===================================



===========================================================================
report_parasitic_annotation -report_unannotated
============================================================================
Found 0 unannotated drivers.
Found 0 partially unannotated drivers.

===========================================================================
max slew violation count 0
max fanout violation count 0
max cap violation count 0
============================================================================

===========================================================================
check_setup -verbose -unconstrained_endpoints -multiple_clock -no_clock -no_input_delay -loops -generated_clocks
===========================================================================
