
===========================================================================
report_checks -unconstrained
===========================================================================
======================= nom_ff_n40C_1v95 Corner ===================================

Startpoint: i6 (input port clocked by __VIRTUAL_CLK__)
Endpoint: o3 (output port clocked by __VIRTUAL_CLK__)
Path Group: __VIRTUAL_CLK__
Path Type: max

Fanout         Cap        Slew       Delay        Time   Description
---------------------------------------------------------------------------------------------
                      0.000000    0.000000    0.000000   clock __VIRTUAL_CLK__ (rise edge)
                                  0.000000    0.000000   clock network delay (ideal)
                                 20.000000   20.000000 ^ input external delay
     1    0.002569    0.013095    0.006635   20.006636 ^ i6 (in)
                                                         i6 (net)
                      0.013095    0.000000   20.006636 ^ input7/A (sky130_fd_sc_hd__dlymetal6s2s_1)
     6    0.020268    0.166682    0.146049   20.152683 ^ input7/X (sky130_fd_sc_hd__dlymetal6s2s_1)
                                                         net7 (net)
                      0.166686    0.000661   20.153345 ^ _29_/A_N (sky130_fd_sc_hd__and2b_1)
     2    0.006805    0.036175    0.131932   20.285276 v _29_/X (sky130_fd_sc_hd__and2b_1)
                                                         _01_ (net)
                      0.036175    0.000103   20.285379 v _48_/A (sky130_fd_sc_hd__or4bb_1)
     1    0.002772    0.050729    0.280622   20.566002 v _48_/X (sky130_fd_sc_hd__or4bb_1)
                                                         _17_ (net)
                      0.050729    0.000057   20.566057 v _49_/B1 (sky130_fd_sc_hd__o41a_1)
     1    0.003164    0.044908    0.072502   20.638559 v _49_/X (sky130_fd_sc_hd__o41a_1)
                                                         _18_ (net)
                      0.044993    0.000096   20.638657 v _55_/A2 (sky130_fd_sc_hd__o22ai_1)
     1    0.002762    0.083418    0.091475   20.730131 ^ _55_/Y (sky130_fd_sc_hd__o22ai_1)
                                                         net14 (net)
                      0.083418    0.000060   20.730192 ^ output14/A (sky130_fd_sc_hd__buf_2)
     1    0.034025    0.127244    0.150296   20.880487 ^ output14/X (sky130_fd_sc_hd__buf_2)
                                                         o3 (net)
                      0.127286    0.000636   20.881123 ^ o3 (out)
                                             20.881123   data arrival time

                      0.000000  100.000000  100.000000   clock __VIRTUAL_CLK__ (rise edge)
                                  0.000000  100.000000   clock network delay (ideal)
                                 -0.250000   99.750000   clock uncertainty
                                  0.000000   99.750000   clock reconvergence pessimism
                                -20.000000   79.750000   output external delay
                                             79.750000   data required time
---------------------------------------------------------------------------------------------
                                             79.750000   data required time
                                            -20.881123   data arrival time
---------------------------------------------------------------------------------------------
                                             58.868874   slack (MET)




===========================================================================
report_checks --slack_max -0.01
============================================================================
======================= nom_ff_n40C_1v95 Corner ===================================

No paths found.


===========================================================================
 report_check_types -max_slew -max_cap -max_fanout -violators
============================================================================
======================= nom_ff_n40C_1v95 Corner ===================================



===========================================================================
report_parasitic_annotation -report_unannotated
============================================================================
Found 0 unannotated drivers.
Found 0 partially unannotated drivers.

===========================================================================
max slew violation count 0
max fanout violation count 0
max cap violation count 0
============================================================================

===========================================================================
check_setup -verbose -unconstrained_endpoints -multiple_clock -no_clock -no_input_delay -loops -generated_clocks
===========================================================================
