
===========================================================================
report_checks -unconstrained
===========================================================================
======================= nom_ss_100C_1v60 Corner ===================================

Startpoint: i6 (input port clocked by __VIRTUAL_CLK__)
Endpoint: o3 (output port clocked by __VIRTUAL_CLK__)
Path Group: __VIRTUAL_CLK__
Path Type: max

Fanout         Cap        Slew       Delay        Time   Description
---------------------------------------------------------------------------------------------
                      0.000000    0.000000    0.000000   clock __VIRTUAL_CLK__ (rise edge)
                                  0.000000    0.000000   clock network delay (ideal)
                                 20.000000   20.000000 ^ input external delay
     1    0.002341    0.029225    0.013371   20.013371 ^ i6 (in)
                                                         i6 (net)
                      0.029225    0.000000   20.013371 ^ input7/A (sky130_fd_sc_hd__dlymetal6s2s_1)
     6    0.019844    0.325721    0.327024   20.340395 ^ input7/X (sky130_fd_sc_hd__dlymetal6s2s_1)
                                                         net7 (net)
                      0.325723    0.000643   20.341038 ^ _29_/A_N (sky130_fd_sc_hd__and2b_1)
     2    0.006646    0.096648    0.485697   20.826735 v _29_/X (sky130_fd_sc_hd__and2b_1)
                                                         _01_ (net)
                      0.096648    0.000098   20.826832 v _48_/A (sky130_fd_sc_hd__or4bb_1)
     1    0.002740    0.168528    1.148051   21.974882 v _48_/X (sky130_fd_sc_hd__or4bb_1)
                                                         _17_ (net)
                      0.168528    0.000055   21.974937 v _49_/B1 (sky130_fd_sc_hd__o41a_1)
     1    0.003184    0.115416    0.247987   22.222925 v _49_/X (sky130_fd_sc_hd__o41a_1)
                                                         _18_ (net)
                      0.115416    0.000098   22.223022 v _55_/A2 (sky130_fd_sc_hd__o22ai_1)
     1    0.002637    0.203998    0.253229   22.476252 ^ _55_/Y (sky130_fd_sc_hd__o22ai_1)
                                                         net14 (net)
                      0.203998    0.000057   22.476307 ^ output14/A (sky130_fd_sc_hd__buf_2)
     1    0.034025    0.270587    0.404986   22.881294 ^ output14/X (sky130_fd_sc_hd__buf_2)
                                                         o3 (net)
                      0.270587    0.000636   22.881929 ^ o3 (out)
                                             22.881929   data arrival time

                      0.000000  100.000000  100.000000   clock __VIRTUAL_CLK__ (rise edge)
                                  0.000000  100.000000   clock network delay (ideal)
                                 -0.250000   99.750000   clock uncertainty
                                  0.000000   99.750000   clock reconvergence pessimism
                                -20.000000   79.750000   output external delay
                                             79.750000   data required time
---------------------------------------------------------------------------------------------
                                             79.750000   data required time
                                            -22.881929   data arrival time
---------------------------------------------------------------------------------------------
                                             56.868069   slack (MET)




===========================================================================
report_checks --slack_max -0.01
============================================================================
======================= nom_ss_100C_1v60 Corner ===================================

No paths found.


===========================================================================
 report_check_types -max_slew -max_cap -max_fanout -violators
============================================================================
======================= nom_ss_100C_1v60 Corner ===================================



===========================================================================
report_parasitic_annotation -report_unannotated
============================================================================
Found 0 unannotated drivers.
Found 0 partially unannotated drivers.

===========================================================================
max slew violation count 0
max fanout violation count 0
max cap violation count 0
============================================================================

===========================================================================
check_setup -verbose -unconstrained_endpoints -multiple_clock -no_clock -no_input_delay -loops -generated_clocks
===========================================================================
