
===========================================================================
 report_power
============================================================================
======================= nom_ss_100C_1v60 Corner ===================================

Group                    Internal    Switching      Leakage        Total
                            Power        Power        Power        Power (Watts)
------------------------------------------------------------------------
Sequential           0.000000e+00 0.000000e+00 0.000000e+00 0.000000e+00   0.0%
Combinational        6.693717e-07 1.010980e-06 2.508865e-07 1.931239e-06 100.0%
Clock                0.000000e+00 0.000000e+00 1.080018e-10 1.080018e-10   0.0%
Macro                0.000000e+00 0.000000e+00 0.000000e+00 0.000000e+00   0.0%
Pad                  0.000000e+00 0.000000e+00 0.000000e+00 0.000000e+00   0.0%
------------------------------------------------------------------------
Total                6.693717e-07 1.010980e-06 2.509945e-07 1.931347e-06 100.0%
                            34.7%        52.3%        13.0%

