
===========================================================================
report_checks -unconstrained
===========================================================================
======================= nom_tt_025C_1v80 Corner ===================================

Startpoint: i6 (input port clocked by __VIRTUAL_CLK__)
Endpoint: o3 (output port clocked by __VIRTUAL_CLK__)
Path Group: __VIRTUAL_CLK__
Path Type: max

Fanout         Cap        Slew       Delay        Time   Description
---------------------------------------------------------------------------------------------
                      0.000000    0.000000    0.000000   clock __VIRTUAL_CLK__ (rise edge)
                                  0.000000    0.000000   clock network delay (ideal)
                                 20.000000   20.000000 ^ input external delay
     1    0.003347    0.022098    0.012243   20.012243 ^ i6 (in)
                                                         i6 (net)
                      0.022098    0.000000   20.012243 ^ input7/A (sky130_fd_sc_hd__dlymetal6s2s_1)
     6    0.017878    0.195070    0.186576   20.198820 ^ input7/X (sky130_fd_sc_hd__dlymetal6s2s_1)
                                                         net7 (net)
                      0.195072    0.000490   20.199310 ^ _29_/A_N (sky130_fd_sc_hd__and2b_1)
     2    0.006458    0.049156    0.221746   20.421055 v _29_/X (sky130_fd_sc_hd__and2b_1)
                                                         _01_ (net)
                      0.049156    0.000092   20.421148 v _48_/A (sky130_fd_sc_hd__or4bb_1)
     1    0.002512    0.076744    0.486622   20.907770 v _48_/X (sky130_fd_sc_hd__or4bb_1)
                                                         _17_ (net)
                      0.076744    0.000050   20.907820 v _49_/B1 (sky130_fd_sc_hd__o41a_1)
     1    0.003108    0.061807    0.118916   21.026737 v _49_/X (sky130_fd_sc_hd__o41a_1)
                                                         _18_ (net)
                      0.061807    0.000101   21.026838 v _55_/A2 (sky130_fd_sc_hd__o22ai_1)
     1    0.003104    0.130416    0.149511   21.176348 ^ _55_/Y (sky130_fd_sc_hd__o22ai_1)
                                                         net14 (net)
                      0.130416    0.000080   21.176428 ^ output14/A (sky130_fd_sc_hd__buf_2)
     1    0.034164    0.170180    0.228223   21.404652 ^ output14/X (sky130_fd_sc_hd__buf_2)
                                                         o3 (net)
                      0.170182    0.000965   21.405615 ^ o3 (out)
                                             21.405615   data arrival time

                      0.000000  100.000000  100.000000   clock __VIRTUAL_CLK__ (rise edge)
                                  0.000000  100.000000   clock network delay (ideal)
                                 -0.250000   99.750000   clock uncertainty
                                  0.000000   99.750000   clock reconvergence pessimism
                                -20.000000   79.750000   output external delay
                                             79.750000   data required time
---------------------------------------------------------------------------------------------
                                             79.750000   data required time
                                            -21.405615   data arrival time
---------------------------------------------------------------------------------------------
                                             58.344383   slack (MET)




===========================================================================
report_checks --slack_max -0.01
============================================================================
======================= nom_tt_025C_1v80 Corner ===================================

No paths found.


===========================================================================
 report_check_types -max_slew -max_cap -max_fanout -violators
============================================================================
======================= nom_tt_025C_1v80 Corner ===================================



===========================================================================
report_parasitic_annotation -report_unannotated
============================================================================
Found 0 unannotated drivers.
Found 0 partially unannotated drivers.

===========================================================================
max slew violation count 0
Writing metric design__max_slew_violation__count__corner:nom_tt_025C_1v80: 0
max fanout violation count 0
Writing metric design__max_fanout_violation__count__corner:nom_tt_025C_1v80: 0
max cap violation count 0
Writing metric design__max_cap_violation__count__corner:nom_tt_025C_1v80: 0
============================================================================

===========================================================================
check_setup -verbose -unconstrained_endpoints -multiple_clock -no_clock -no_input_delay -loops -generated_clocks
===========================================================================
