
===========================================================================
report_checks -path_delay min (Hold)
============================================================================
======================= nom_tt_025C_1v80 Corner ===================================

Startpoint: i9 (input port clocked by __VIRTUAL_CLK__)
Endpoint: o6 (output port clocked by __VIRTUAL_CLK__)
Path Group: __VIRTUAL_CLK__
Path Type: min

Fanout         Cap        Slew       Delay        Time   Description
---------------------------------------------------------------------------------------------
                      0.000000    0.000000    0.000000   clock __VIRTUAL_CLK__ (rise edge)
                                  0.000000    0.000000   clock network delay (ideal)
                                 20.000000   20.000000 ^ input external delay
     1    0.003063    0.020865    0.011255   20.011255 ^ i9 (in)
                                                         i9 (net)
                      0.020865    0.000000   20.011255 ^ input10/A (sky130_fd_sc_hd__buf_1)
     4    0.010077    0.125523    0.129949   20.141205 ^ input10/X (sky130_fd_sc_hd__buf_1)
                                                         net10 (net)
                      0.125523    0.000208   20.141413 ^ _62_/A1 (sky130_fd_sc_hd__o21ai_1)
     1    0.002999    0.031553    0.085702   20.227116 v _62_/Y (sky130_fd_sc_hd__o21ai_1)
                                                         net17 (net)
                      0.031553    0.000076   20.227192 v output17/A (sky130_fd_sc_hd__buf_2)
     1    0.033946    0.089043    0.173477   20.400669 v output17/X (sky130_fd_sc_hd__buf_2)
                                                         o6 (net)
                      0.089053    0.000941   20.401609 v o6 (out)
                                             20.401609   data arrival time

                      0.000000    0.000000    0.000000   clock __VIRTUAL_CLK__ (rise edge)
                                  0.000000    0.000000   clock network delay (ideal)
                                  0.250000    0.250000   clock uncertainty
                                  0.000000    0.250000   clock reconvergence pessimism
                                -20.000000  -19.750002   output external delay
                                            -19.750002   data required time
---------------------------------------------------------------------------------------------
                                            -19.750002   data required time
                                            -20.401609   data arrival time
---------------------------------------------------------------------------------------------
                                             40.151611   slack (MET)


Startpoint: i9 (input port clocked by __VIRTUAL_CLK__)
Endpoint: o4 (output port clocked by __VIRTUAL_CLK__)
Path Group: __VIRTUAL_CLK__
Path Type: min

Fanout         Cap        Slew       Delay        Time   Description
---------------------------------------------------------------------------------------------
                      0.000000    0.000000    0.000000   clock __VIRTUAL_CLK__ (rise edge)
                                  0.000000    0.000000   clock network delay (ideal)
                                 20.000000   20.000000 ^ input external delay
     1    0.003063    0.020865    0.011255   20.011255 ^ i9 (in)
                                                         i9 (net)
                      0.020865    0.000000   20.011255 ^ input10/A (sky130_fd_sc_hd__buf_1)
     4    0.010077    0.125523    0.129949   20.141205 ^ input10/X (sky130_fd_sc_hd__buf_1)
                                                         net10 (net)
                      0.125523    0.000178   20.141382 ^ _58_/A (sky130_fd_sc_hd__or2_1)
     1    0.002535    0.037223    0.115229   20.256611 ^ _58_/X (sky130_fd_sc_hd__or2_1)
                                                         net15 (net)
                      0.037223    0.000059   20.256670 ^ output15/A (sky130_fd_sc_hd__buf_2)
     1    0.034496    0.171277    0.195561   20.452230 ^ output15/X (sky130_fd_sc_hd__buf_2)
                                                         o4 (net)
                      0.171332    0.000924   20.453154 ^ o4 (out)
                                             20.453154   data arrival time

                      0.000000    0.000000    0.000000   clock __VIRTUAL_CLK__ (rise edge)
                                  0.000000    0.000000   clock network delay (ideal)
                                  0.250000    0.250000   clock uncertainty
                                  0.000000    0.250000   clock reconvergence pessimism
                                -20.000000  -19.750002   output external delay
                                            -19.750002   data required time
---------------------------------------------------------------------------------------------
                                            -19.750002   data required time
                                            -20.453154   data arrival time
---------------------------------------------------------------------------------------------
                                             40.203156   slack (MET)


Startpoint: i2 (input port clocked by __VIRTUAL_CLK__)
Endpoint: o7 (output port clocked by __VIRTUAL_CLK__)
Path Group: __VIRTUAL_CLK__
Path Type: min

Fanout         Cap        Slew       Delay        Time   Description
---------------------------------------------------------------------------------------------
                      0.000000    0.000000    0.000000   clock __VIRTUAL_CLK__ (rise edge)
                                  0.000000    0.000000   clock network delay (ideal)
                                 20.000000   20.000000 v input external delay
     1    0.003036    0.009179    0.004833   20.004833 v i2 (in)
                                                         i2 (net)
                      0.009179    0.000000   20.004833 v input3/A (sky130_fd_sc_hd__clkbuf_2)
     8    0.019833    0.081311    0.133388   20.138222 v input3/X (sky130_fd_sc_hd__clkbuf_2)
                                                         net3 (net)
                      0.081313    0.000510   20.138733 v _63_/A (sky130_fd_sc_hd__and4_1)
     1    0.003165    0.035099    0.161004   20.299736 v _63_/X (sky130_fd_sc_hd__and4_1)
                                                         net18 (net)
                      0.035099    0.000107   20.299843 v output18/A (sky130_fd_sc_hd__buf_2)
     1    0.034926    0.091151    0.176787   20.476629 v output18/X (sky130_fd_sc_hd__buf_2)
                                                         o7 (net)
                      0.091163    0.001005   20.477634 v o7 (out)
                                             20.477634   data arrival time

                      0.000000    0.000000    0.000000   clock __VIRTUAL_CLK__ (rise edge)
                                  0.000000    0.000000   clock network delay (ideal)
                                  0.250000    0.250000   clock uncertainty
                                  0.000000    0.250000   clock reconvergence pessimism
                                -20.000000  -19.750002   output external delay
                                            -19.750002   data required time
---------------------------------------------------------------------------------------------
                                            -19.750002   data required time
                                            -20.477634   data arrival time
---------------------------------------------------------------------------------------------
                                             40.227634   slack (MET)


Startpoint: i1 (input port clocked by __VIRTUAL_CLK__)
Endpoint: o2 (output port clocked by __VIRTUAL_CLK__)
Path Group: __VIRTUAL_CLK__
Path Type: min

Fanout         Cap        Slew       Delay        Time   Description
---------------------------------------------------------------------------------------------
                      0.000000    0.000000    0.000000   clock __VIRTUAL_CLK__ (rise edge)
                                  0.000000    0.000000   clock network delay (ideal)
                                 20.000000   20.000000 ^ input external delay
     1    0.003932    0.024644    0.014298   20.014297 ^ i1 (in)
                                                         i1 (net)
                      0.024652    0.000000   20.014297 ^ input2/A (sky130_fd_sc_hd__clkbuf_2)
     8    0.022453    0.127283    0.156788   20.171087 ^ input2/X (sky130_fd_sc_hd__clkbuf_2)
                                                         net2 (net)
                      0.127283    0.000540   20.171627 ^ _46_/A1 (sky130_fd_sc_hd__o31a_1)
     1    0.002457    0.041470    0.144434   20.316061 ^ _46_/X (sky130_fd_sc_hd__o31a_1)
                                                         net13 (net)
                      0.041470    0.000055   20.316116 ^ output13/A (sky130_fd_sc_hd__buf_2)
     1    0.034910    0.173203    0.198497   20.514612 ^ output13/X (sky130_fd_sc_hd__buf_2)
                                                         o2 (net)
                      0.173260    0.001020   20.515633 ^ o2 (out)
                                             20.515633   data arrival time

                      0.000000    0.000000    0.000000   clock __VIRTUAL_CLK__ (rise edge)
                                  0.000000    0.000000   clock network delay (ideal)
                                  0.250000    0.250000   clock uncertainty
                                  0.000000    0.250000   clock reconvergence pessimism
                                -20.000000  -19.750002   output external delay
                                            -19.750002   data required time
---------------------------------------------------------------------------------------------
                                            -19.750002   data required time
                                            -20.515633   data arrival time
---------------------------------------------------------------------------------------------
                                             40.265633   slack (MET)


Startpoint: i1 (input port clocked by __VIRTUAL_CLK__)
Endpoint: o1 (output port clocked by __VIRTUAL_CLK__)
Path Group: __VIRTUAL_CLK__
Path Type: min

Fanout         Cap        Slew       Delay        Time   Description
---------------------------------------------------------------------------------------------
                      0.000000    0.000000    0.000000   clock __VIRTUAL_CLK__ (rise edge)
                                  0.000000    0.000000   clock network delay (ideal)
                                 20.000000   20.000000 ^ input external delay
     1    0.003932    0.024644    0.014298   20.014297 ^ i1 (in)
                                                         i1 (net)
                      0.024652    0.000000   20.014297 ^ input2/A (sky130_fd_sc_hd__clkbuf_2)
     8    0.022453    0.127283    0.156788   20.171087 ^ input2/X (sky130_fd_sc_hd__clkbuf_2)
                                                         net2 (net)
                      0.127283    0.000323   20.171410 ^ _37_/A1 (sky130_fd_sc_hd__o31a_1)
     1    0.003026    0.046600    0.149091   20.320501 ^ _37_/X (sky130_fd_sc_hd__o31a_1)
                                                         net12 (net)
                      0.046600    0.000099   20.320601 ^ output12/A (sky130_fd_sc_hd__buf_2)
     1    0.035345    0.175288    0.201565   20.522165 ^ output12/X (sky130_fd_sc_hd__buf_2)
                                                         o1 (net)
                      0.175357    0.001513   20.523680 ^ o1 (out)
                                             20.523680   data arrival time

                      0.000000    0.000000    0.000000   clock __VIRTUAL_CLK__ (rise edge)
                                  0.000000    0.000000   clock network delay (ideal)
                                  0.250000    0.250000   clock uncertainty
                                  0.000000    0.250000   clock reconvergence pessimism
                                -20.000000  -19.750002   output external delay
                                            -19.750002   data required time
---------------------------------------------------------------------------------------------
                                            -19.750002   data required time
                                            -20.523680   data arrival time
---------------------------------------------------------------------------------------------
                                             40.273682   slack (MET)


Startpoint: i4 (input port clocked by __VIRTUAL_CLK__)
Endpoint: o5 (output port clocked by __VIRTUAL_CLK__)
Path Group: __VIRTUAL_CLK__
Path Type: min

Fanout         Cap        Slew       Delay        Time   Description
---------------------------------------------------------------------------------------------
                      0.000000    0.000000    0.000000   clock __VIRTUAL_CLK__ (rise edge)
                                  0.000000    0.000000   clock network delay (ideal)
                                 20.000000   20.000000 v input external delay
     1    0.002396    0.007692    0.003762   20.003763 v i4 (in)
                                                         i4 (net)
                      0.007692    0.000000   20.003763 v input5/A (sky130_fd_sc_hd__clkbuf_2)
     7    0.022399    0.090430    0.139698   20.143461 v input5/X (sky130_fd_sc_hd__clkbuf_2)
                                                         net5 (net)
                      0.090436    0.000785   20.144245 v _28_/A (sky130_fd_sc_hd__inv_2)
     1    0.003726    0.034642    0.060012   20.204258 ^ _28_/Y (sky130_fd_sc_hd__inv_2)
                                                         _00_ (net)
                      0.034642    0.000098   20.204355 ^ _60_/A1 (sky130_fd_sc_hd__o32a_1)
     1    0.002324    0.041829    0.135806   20.340162 ^ _60_/X (sky130_fd_sc_hd__o32a_1)
                                                         net16 (net)
                      0.041829    0.000052   20.340214 ^ output16/A (sky130_fd_sc_hd__buf_2)
     1    0.035606    0.176582    0.200531   20.540745 ^ output16/X (sky130_fd_sc_hd__buf_2)
                                                         o5 (net)
                      0.176603    0.001618   20.542362 ^ o5 (out)
                                             20.542362   data arrival time

                      0.000000    0.000000    0.000000   clock __VIRTUAL_CLK__ (rise edge)
                                  0.000000    0.000000   clock network delay (ideal)
                                  0.250000    0.250000   clock uncertainty
                                  0.000000    0.250000   clock reconvergence pessimism
                                -20.000000  -19.750002   output external delay
                                            -19.750002   data required time
---------------------------------------------------------------------------------------------
                                            -19.750002   data required time
                                            -20.542362   data arrival time
---------------------------------------------------------------------------------------------
                                             40.292366   slack (MET)


Startpoint: i9 (input port clocked by __VIRTUAL_CLK__)
Endpoint: o3 (output port clocked by __VIRTUAL_CLK__)
Path Group: __VIRTUAL_CLK__
Path Type: min

Fanout         Cap        Slew       Delay        Time   Description
---------------------------------------------------------------------------------------------
                      0.000000    0.000000    0.000000   clock __VIRTUAL_CLK__ (rise edge)
                                  0.000000    0.000000   clock network delay (ideal)
                                 20.000000   20.000000 ^ input external delay
     1    0.003063    0.020865    0.011255   20.011255 ^ i9 (in)
                                                         i9 (net)
                      0.020865    0.000000   20.011255 ^ input10/A (sky130_fd_sc_hd__buf_1)
     4    0.010077    0.125523    0.129949   20.141205 ^ input10/X (sky130_fd_sc_hd__buf_1)
                                                         net10 (net)
                      0.125523    0.000153   20.141357 ^ _50_/B (sky130_fd_sc_hd__or3b_1)
     2    0.006914    0.072649    0.148153   20.289511 ^ _50_/X (sky130_fd_sc_hd__or3b_1)
                                                         _19_ (net)
                      0.072649    0.000167   20.289679 ^ _55_/B1 (sky130_fd_sc_hd__o22ai_1)
     1    0.002944    0.042412    0.077529   20.367207 v _55_/Y (sky130_fd_sc_hd__o22ai_1)
                                                         net14 (net)
                      0.042412    0.000075   20.367281 v output14/A (sky130_fd_sc_hd__buf_2)
     1    0.034164    0.089444    0.178545   20.545828 v output14/X (sky130_fd_sc_hd__buf_2)
                                                         o3 (net)
                      0.089455    0.000965   20.546791 v o3 (out)
                                             20.546791   data arrival time

                      0.000000    0.000000    0.000000   clock __VIRTUAL_CLK__ (rise edge)
                                  0.000000    0.000000   clock network delay (ideal)
                                  0.250000    0.250000   clock uncertainty
                                  0.000000    0.250000   clock reconvergence pessimism
                                -20.000000  -19.750002   output external delay
                                            -19.750002   data required time
---------------------------------------------------------------------------------------------
                                            -19.750002   data required time
                                            -20.546791   data arrival time
---------------------------------------------------------------------------------------------
                                             40.296791   slack (MET)


Startpoint: i0 (input port clocked by __VIRTUAL_CLK__)
Endpoint: o0 (output port clocked by __VIRTUAL_CLK__)
Path Group: __VIRTUAL_CLK__
Path Type: min

Fanout         Cap        Slew       Delay        Time   Description
---------------------------------------------------------------------------------------------
                      0.000000    0.000000    0.000000   clock __VIRTUAL_CLK__ (rise edge)
                                  0.000000    0.000000   clock network delay (ideal)
                                 20.000000   20.000000 ^ input external delay
     1    0.003713    0.023693    0.013520   20.013521 ^ i0 (in)
                                                         i0 (net)
                      0.023700    0.000000   20.013521 ^ input1/A (sky130_fd_sc_hd__clkbuf_2)
     7    0.020074    0.114959    0.147741   20.161263 ^ input1/X (sky130_fd_sc_hd__clkbuf_2)
                                                         net1 (net)
                      0.114960    0.000588   20.161850 ^ _30_/B (sky130_fd_sc_hd__and2b_1)
     1    0.005377    0.062142    0.148777   20.310627 ^ _30_/X (sky130_fd_sc_hd__and2b_1)
                                                         _02_ (net)
                      0.062142    0.000131   20.310759 ^ _31_/B (sky130_fd_sc_hd__xnor2_1)
     1    0.003512    0.038477    0.064032   20.374790 v _31_/Y (sky130_fd_sc_hd__xnor2_1)
                                                         net11 (net)
                      0.038477    0.000121   20.374910 v output11/A (sky130_fd_sc_hd__buf_2)
     1    0.034672    0.090544    0.177838   20.552750 v output11/X (sky130_fd_sc_hd__buf_2)
                                                         o0 (net)
                      0.090553    0.000913   20.553663 v o0 (out)
                                             20.553663   data arrival time

                      0.000000    0.000000    0.000000   clock __VIRTUAL_CLK__ (rise edge)
                                  0.000000    0.000000   clock network delay (ideal)
                                  0.250000    0.250000   clock uncertainty
                                  0.000000    0.250000   clock reconvergence pessimism
                                -20.000000  -19.750002   output external delay
                                            -19.750002   data required time
---------------------------------------------------------------------------------------------
                                            -19.750002   data required time
                                            -20.553663   data arrival time
---------------------------------------------------------------------------------------------
                                             40.303661   slack (MET)



