
===========================================================================
report_checks -path_delay min (Hold)
============================================================================
======================= nom_tt_025C_1v80 Corner ===================================

Startpoint: i9 (input port clocked by __VIRTUAL_CLK__)
Endpoint: o6 (output port clocked by __VIRTUAL_CLK__)
Path Group: __VIRTUAL_CLK__
Path Type: min

Fanout         Cap        Slew       Delay        Time   Description
---------------------------------------------------------------------------------------------
                      0.000000    0.000000    0.000000   clock __VIRTUAL_CLK__ (rise edge)
                                  0.000000    0.000000   clock network delay (ideal)
                                 20.000000   20.000000 ^ input external delay
     4    0.011449    0.057867    0.038673   20.038673 ^ i9 (in)
                                                         i9 (net)
                      0.057867    0.000000   20.038673 ^ _62_/A1 (sky130_fd_sc_hd__o21ai_2)
     1    0.034250    0.136984    0.139705   20.178379 v _62_/Y (sky130_fd_sc_hd__o21ai_2)
                                                         o6 (net)
                      0.136984    0.000126   20.178505 v o6 (out)
                                             20.178505   data arrival time

                      0.000000    0.000000    0.000000   clock __VIRTUAL_CLK__ (rise edge)
                                  0.000000    0.000000   clock network delay (ideal)
                                  0.250000    0.250000   clock uncertainty
                                  0.000000    0.250000   clock reconvergence pessimism
                                -20.000000  -19.750002   output external delay
                                            -19.750002   data required time
---------------------------------------------------------------------------------------------
                                            -19.750002   data required time
                                            -20.178505   data arrival time
---------------------------------------------------------------------------------------------
                                             39.928505   slack (MET)


Startpoint: i9 (input port clocked by __VIRTUAL_CLK__)
Endpoint: o4 (output port clocked by __VIRTUAL_CLK__)
Path Group: __VIRTUAL_CLK__
Path Type: min

Fanout         Cap        Slew       Delay        Time   Description
---------------------------------------------------------------------------------------------
                      0.000000    0.000000    0.000000   clock __VIRTUAL_CLK__ (rise edge)
                                  0.000000    0.000000   clock network delay (ideal)
                                 20.000000   20.000000 ^ input external delay
     4    0.011449    0.057867    0.038657   20.038658 ^ i9 (in)
                                                         i9 (net)
                      0.057867    0.000000   20.038658 ^ _58_/A (sky130_fd_sc_hd__or2_2)
     1    0.034603    0.181510    0.214506   20.253162 ^ _58_/X (sky130_fd_sc_hd__or2_2)
                                                         o4 (net)
                      0.181510    0.000211   20.253374 ^ o4 (out)
                                             20.253374   data arrival time

                      0.000000    0.000000    0.000000   clock __VIRTUAL_CLK__ (rise edge)
                                  0.000000    0.000000   clock network delay (ideal)
                                  0.250000    0.250000   clock uncertainty
                                  0.000000    0.250000   clock reconvergence pessimism
                                -20.000000  -19.750002   output external delay
                                            -19.750002   data required time
---------------------------------------------------------------------------------------------
                                            -19.750002   data required time
                                            -20.253374   data arrival time
---------------------------------------------------------------------------------------------
                                             40.003376   slack (MET)


Startpoint: i2 (input port clocked by __VIRTUAL_CLK__)
Endpoint: o7 (output port clocked by __VIRTUAL_CLK__)
Path Group: __VIRTUAL_CLK__
Path Type: min

Fanout         Cap        Slew       Delay        Time   Description
---------------------------------------------------------------------------------------------
                      0.000000    0.000000    0.000000   clock __VIRTUAL_CLK__ (rise edge)
                                  0.000000    0.000000   clock network delay (ideal)
                                 20.000000   20.000000 v input external delay
     8    0.025779    0.058490    0.041291   20.041292 v i2 (in)
                                                         i2 (net)
                      0.058491    0.000000   20.041292 v _63_/A (sky130_fd_sc_hd__and4_2)
     1    0.034123    0.101472    0.258066   20.299358 v _63_/X (sky130_fd_sc_hd__and4_2)
                                                         o7 (net)
                      0.101472    0.000101   20.299459 v o7 (out)
                                             20.299459   data arrival time

                      0.000000    0.000000    0.000000   clock __VIRTUAL_CLK__ (rise edge)
                                  0.000000    0.000000   clock network delay (ideal)
                                  0.250000    0.250000   clock uncertainty
                                  0.000000    0.250000   clock reconvergence pessimism
                                -20.000000  -19.750002   output external delay
                                            -19.750002   data required time
---------------------------------------------------------------------------------------------
                                            -19.750002   data required time
                                            -20.299459   data arrival time
---------------------------------------------------------------------------------------------
                                             40.049458   slack (MET)


Startpoint: i1 (input port clocked by __VIRTUAL_CLK__)
Endpoint: o2 (output port clocked by __VIRTUAL_CLK__)
Path Group: __VIRTUAL_CLK__
Path Type: min

Fanout         Cap        Slew       Delay        Time   Description
---------------------------------------------------------------------------------------------
                      0.000000    0.000000    0.000000   clock __VIRTUAL_CLK__ (rise edge)
                                  0.000000    0.000000   clock network delay (ideal)
                                 20.000000   20.000000 ^ input external delay
     8    0.025683    0.120995    0.083364   20.083364 ^ i1 (in)
                                                         i1 (net)
                      0.120996    0.000000   20.083364 ^ _44_/A1 (sky130_fd_sc_hd__o21ai_2)
     1    0.002406    0.025274    0.069154   20.152519 v _44_/Y (sky130_fd_sc_hd__o21ai_2)
                                                         _14_ (net)
                      0.025274    0.000002   20.152521 v _46_/B1 (sky130_fd_sc_hd__o31a_2)
     1    0.034093    0.093024    0.170264   20.322784 v _46_/X (sky130_fd_sc_hd__o31a_2)
                                                         o2 (net)
                      0.093024    0.000096   20.322880 v o2 (out)
                                             20.322880   data arrival time

                      0.000000    0.000000    0.000000   clock __VIRTUAL_CLK__ (rise edge)
                                  0.000000    0.000000   clock network delay (ideal)
                                  0.250000    0.250000   clock uncertainty
                                  0.000000    0.250000   clock reconvergence pessimism
                                -20.000000  -19.750002   output external delay
                                            -19.750002   data required time
---------------------------------------------------------------------------------------------
                                            -19.750002   data required time
                                            -20.322880   data arrival time
---------------------------------------------------------------------------------------------
                                             40.072880   slack (MET)


Startpoint: i1 (input port clocked by __VIRTUAL_CLK__)
Endpoint: o1 (output port clocked by __VIRTUAL_CLK__)
Path Group: __VIRTUAL_CLK__
Path Type: min

Fanout         Cap        Slew       Delay        Time   Description
---------------------------------------------------------------------------------------------
                      0.000000    0.000000    0.000000   clock __VIRTUAL_CLK__ (rise edge)
                                  0.000000    0.000000   clock network delay (ideal)
                                 20.000000   20.000000 ^ input external delay
     8    0.025683    0.120995    0.083196   20.083197 ^ i1 (in)
                                                         i1 (net)
                      0.120995    0.000000   20.083197 ^ _36_/A1 (sky130_fd_sc_hd__o21ai_2)
     1    0.002364    0.026084    0.068997   20.152193 v _36_/Y (sky130_fd_sc_hd__o21ai_2)
                                                         _07_ (net)
                      0.026084    0.000002   20.152195 v _37_/B1 (sky130_fd_sc_hd__o31a_2)
     1    0.034502    0.092974    0.171349   20.323544 v _37_/X (sky130_fd_sc_hd__o31a_2)
                                                         o1 (net)
                      0.092974    0.000242   20.323786 v o1 (out)
                                             20.323786   data arrival time

                      0.000000    0.000000    0.000000   clock __VIRTUAL_CLK__ (rise edge)
                                  0.000000    0.000000   clock network delay (ideal)
                                  0.250000    0.250000   clock uncertainty
                                  0.000000    0.250000   clock reconvergence pessimism
                                -20.000000  -19.750002   output external delay
                                            -19.750002   data required time
---------------------------------------------------------------------------------------------
                                            -19.750002   data required time
                                            -20.323786   data arrival time
---------------------------------------------------------------------------------------------
                                             40.073788   slack (MET)


Startpoint: i9 (input port clocked by __VIRTUAL_CLK__)
Endpoint: o3 (output port clocked by __VIRTUAL_CLK__)
Path Group: __VIRTUAL_CLK__
Path Type: min

Fanout         Cap        Slew       Delay        Time   Description
---------------------------------------------------------------------------------------------
                      0.000000    0.000000    0.000000   clock __VIRTUAL_CLK__ (rise edge)
                                  0.000000    0.000000   clock network delay (ideal)
                                 20.000000   20.000000 ^ input external delay
     4    0.011449    0.057867    0.038661   20.038662 ^ i9 (in)
                                                         i9 (net)
                      0.057867    0.000000   20.038662 ^ _50_/B (sky130_fd_sc_hd__or3b_2)
     2    0.007383    0.055679    0.124171   20.162832 ^ _50_/X (sky130_fd_sc_hd__or3b_2)
                                                         _19_ (net)
                      0.055679    0.000011   20.162842 ^ _55_/B1 (sky130_fd_sc_hd__o22ai_2)
     1    0.034455    0.154223    0.162746   20.325588 v _55_/Y (sky130_fd_sc_hd__o22ai_2)
                                                         o3 (net)
                      0.154223    0.000147   20.325737 v o3 (out)
                                             20.325737   data arrival time

                      0.000000    0.000000    0.000000   clock __VIRTUAL_CLK__ (rise edge)
                                  0.000000    0.000000   clock network delay (ideal)
                                  0.250000    0.250000   clock uncertainty
                                  0.000000    0.250000   clock reconvergence pessimism
                                -20.000000  -19.750002   output external delay
                                            -19.750002   data required time
---------------------------------------------------------------------------------------------
                                            -19.750002   data required time
                                            -20.325737   data arrival time
---------------------------------------------------------------------------------------------
                                             40.075737   slack (MET)


Startpoint: i4 (input port clocked by __VIRTUAL_CLK__)
Endpoint: o5 (output port clocked by __VIRTUAL_CLK__)
Path Group: __VIRTUAL_CLK__
Path Type: min

Fanout         Cap        Slew       Delay        Time   Description
---------------------------------------------------------------------------------------------
                      0.000000    0.000000    0.000000   clock __VIRTUAL_CLK__ (rise edge)
                                  0.000000    0.000000   clock network delay (ideal)
                                 20.000000   20.000000 v input external delay
     7    0.024166    0.055005    0.038808   20.038809 v i4 (in)
                                                         i4 (net)
                      0.055007    0.000000   20.038809 v _28_/A (sky130_fd_sc_hd__inv_2)
     1    0.002527    0.024372    0.043228   20.082037 ^ _28_/Y (sky130_fd_sc_hd__inv_2)
                                                         _00_ (net)
                      0.024372    0.000000   20.082037 ^ _60_/A1 (sky130_fd_sc_hd__o32a_2)
     1    0.034623    0.182480    0.252701   20.334738 ^ _60_/X (sky130_fd_sc_hd__o32a_2)
                                                         o5 (net)
                      0.182480    0.000272   20.335009 ^ o5 (out)
                                             20.335009   data arrival time

                      0.000000    0.000000    0.000000   clock __VIRTUAL_CLK__ (rise edge)
                                  0.000000    0.000000   clock network delay (ideal)
                                  0.250000    0.250000   clock uncertainty
                                  0.000000    0.250000   clock reconvergence pessimism
                                -20.000000  -19.750002   output external delay
                                            -19.750002   data required time
---------------------------------------------------------------------------------------------
                                            -19.750002   data required time
                                            -20.335009   data arrival time
---------------------------------------------------------------------------------------------
                                             40.085011   slack (MET)


Startpoint: i0 (input port clocked by __VIRTUAL_CLK__)
Endpoint: o0 (output port clocked by __VIRTUAL_CLK__)
Path Group: __VIRTUAL_CLK__
Path Type: min

Fanout         Cap        Slew       Delay        Time   Description
---------------------------------------------------------------------------------------------
                      0.000000    0.000000    0.000000   clock __VIRTUAL_CLK__ (rise edge)
                                  0.000000    0.000000   clock network delay (ideal)
                                 20.000000   20.000000 ^ input external delay
     7    0.026200    0.123307    0.084841   20.084841 ^ i0 (in)
                                                         i0 (net)
                      0.123308    0.000000   20.084841 ^ _30_/B (sky130_fd_sc_hd__and2b_2)
     1    0.008489    0.061203    0.175316   20.260157 ^ _30_/X (sky130_fd_sc_hd__and2b_2)
                                                         _02_ (net)
                      0.061203    0.000002   20.260159 ^ _31_/B (sky130_fd_sc_hd__xnor2_2)
     1    0.034075    0.155278    0.152987   20.413145 v _31_/Y (sky130_fd_sc_hd__xnor2_2)
                                                         o0 (net)
                      0.155278    0.000098   20.413242 v o0 (out)
                                             20.413242   data arrival time

                      0.000000    0.000000    0.000000   clock __VIRTUAL_CLK__ (rise edge)
                                  0.000000    0.000000   clock network delay (ideal)
                                  0.250000    0.250000   clock uncertainty
                                  0.000000    0.250000   clock reconvergence pessimism
                                -20.000000  -19.750002   output external delay
                                            -19.750002   data required time
---------------------------------------------------------------------------------------------
                                            -19.750002   data required time
                                            -20.413242   data arrival time
---------------------------------------------------------------------------------------------
                                             40.163246   slack (MET)



